Archive member included to satisfy reference by file (symbol)

C:/devkitPro/libctru/lib\libctru.a(console.o)
                              main.o (consoleInit)
C:/devkitPro/libctru/lib\libctru.a(gfx.o)
                              C:/devkitPro/libctru/lib\libctru.a(console.o) (gfxIsWide)
C:/devkitPro/libctru/lib\libctru.a(apt.o)
                              main.o (aptMainLoop)
C:/devkitPro/libctru/lib\libctru.a(gspgpu.o)
                              C:/devkitPro/libctru/lib\libctru.a(gfx.o) (gspInit)
C:/devkitPro/libctru/lib\libctru.a(hid.o)
                              main.o (hidScanInput)
C:/devkitPro/libctru/lib\libctru.a(irrst.o)
                              C:/devkitPro/libctru/lib\libctru.a(hid.o) (irrstInit)
C:/devkitPro/libctru/lib\libctru.a(ctru_init.o)
                              C:/devkitPro/libctru/lib\libctru.a(apt.o) (__system_retAddr)
C:/devkitPro/libctru/lib\libctru.a(initArgv.o)
                              C:/devkitPro/libctru/lib\libctru.a(ctru_init.o) (__system_initArgv)
C:/devkitPro/libctru/lib\libctru.a(syscalls.o)
                              C:/devkitPro/libctru/lib\libctru.a(ctru_init.o) (__system_initSyscalls)
C:/devkitPro/libctru/lib\libctru.a(svc.o)
                              C:/devkitPro/libctru/lib\libctru.a(apt.o) (svcSleepThread)
C:/devkitPro/libctru/lib\libctru.a(stack_adjust.o)
                              C:/devkitPro/devkitARM/bin/../lib/gcc/arm-none-eabi/13.2.0/../../../../arm-none-eabi/lib/armv6k/fpu/3dsx_crt0.o (initSystem)
C:/devkitPro/libctru/lib\libctru.a(default_font.bin.o)
                              C:/devkitPro/libctru/lib\libctru.a(console.o) (default_font_bin)
C:/devkitPro/libctru/lib\libctru.a(linear.o)
                              C:/devkitPro/libctru/lib\libctru.a(gfx.o) (linearAlloc)
C:/devkitPro/libctru/lib\libctru.a(mem_pool.o)
                              C:/devkitPro/libctru/lib\libctru.a(linear.o) (MemPool::Allocate(MemChunk&, unsigned long, int))
C:/devkitPro/libctru/lib\libctru.a(vram.o)
                              C:/devkitPro/libctru/lib\libctru.a(gfx.o) (vramAlloc)
C:/devkitPro/libctru/lib\libctru.a(3dslink.o)
                              C:/devkitPro/libctru/lib\libctru.a(initArgv.o) (__3dslink_host)
C:/devkitPro/libctru/lib\libctru.a(env.o)
                              C:/devkitPro/libctru/lib\libctru.a(irrst.o) (envGetHandle)
C:/devkitPro/libctru/lib\libctru.a(os.o)
                              C:/devkitPro/libctru/lib\libctru.a(syscalls.o) (osGetTime)
C:/devkitPro/libctru/lib\libctru.a(srv.o)
                              C:/devkitPro/libctru/lib\libctru.a(apt.o) (srvInit)
C:/devkitPro/libctru/lib\libctru.a(synchronization.o)
                              C:/devkitPro/libctru/lib\libctru.a(ctru_init.o) (__sync_init)
C:/devkitPro/libctru/lib\libctru.a(thread.o)
                              C:/devkitPro/libctru/lib\libctru.a(apt.o) (threadCreate)
C:/devkitPro/libctru/lib\libctru.a(mappable.o)
                              C:/devkitPro/libctru/lib\libctru.a(apt.o) (mappableAlloc)
C:/devkitPro/libctru/lib\libctru.a(ptmsysm.o)
                              C:/devkitPro/libctru/lib\libctru.a(os.o) (ptmSysmInit)
C:/devkitPro/libctru/lib\libctru.a(srvpm.o)
                              C:/devkitPro/libctru/lib\libctru.a(srv.o) (srvPmGetSessionHandle)
C:/devkitPro/libctru/lib\libctru.a(soc_connect.o)
                              C:/devkitPro/libctru/lib\libctru.a(3dslink.o) (connect)
C:/devkitPro/libctru/lib\libctru.a(soc_socket.o)
                              C:/devkitPro/libctru/lib\libctru.a(3dslink.o) (socket)
C:/devkitPro/libctru/lib\libctru.a(rbtree_find.o)
                              C:/devkitPro/libctru/lib\libctru.a(linear.o) (rbtree_find)
C:/devkitPro/libctru/lib\libctru.a(rbtree_init.o)
                              C:/devkitPro/libctru/lib\libctru.a(linear.o) (rbtree_init)
C:/devkitPro/libctru/lib\libctru.a(rbtree_insert.o)
                              C:/devkitPro/libctru/lib\libctru.a(linear.o) (rbtree_insert)
C:/devkitPro/libctru/lib\libctru.a(rbtree_remove.o)
                              C:/devkitPro/libctru/lib\libctru.a(linear.o) (rbtree_remove)
C:/devkitPro/libctru/lib\libctru.a(rbtree_rotate.o)
                              C:/devkitPro/libctru/lib\libctru.a(rbtree_insert.o) (rbtree_rotate)
C:/devkitPro/libctru/lib\libctru.a(allocateHeaps.o)
                              C:/devkitPro/libctru/lib\libctru.a(ctru_init.o) (__system_allocateHeaps)
C:/devkitPro/libctru/lib\libctru.a(appExit.o)
                              C:/devkitPro/libctru/lib\libctru.a(stack_adjust.o) (__appExit)
C:/devkitPro/libctru/lib\libctru.a(appInit.o)
                              C:/devkitPro/libctru/lib\libctru.a(stack_adjust.o) (__appInit)
C:/devkitPro/libctru/lib\libctru.a(ctru_exit.o)
                              C:/devkitPro/libctru/lib\libctru.a(stack_adjust.o) (__libctru_exit)
C:/devkitPro/libctru/lib\libctru.a(archive_dev.o)
[...]
Memory Configuration

Name             Origin             Length             Attributes
*default*        0x00000000         0xffffffff

Linker script and memory map

                0x00100000                        PROVIDE (__start__ = 0x100000)
                0x00100000                        . = __start__

.text           0x00100000     0xda24
 *(.crt0)
 .crt0          0x00100000       0x94 C:/devkitPro/devkitARM/bin/../lib/gcc/arm-none-eabi/13.2.0/../../../../arm-none-eabi/lib/armv6k/fpu/3dsx_crt0.o
                0x00100000                _start
                0x00100008                __service_ptr
                0x0010000c                __apt_appid
                0x00100010                __heap_size
                0x00100014                __linear_heap_size
                0x00100018                __system_arglist
                0x0010001c                __system_runflags
 *(.init)
 .init          0x00100094        0xc C:/devkitPro/devkitARM/bin/../lib/gcc/arm-none-eabi/13.2.0/armv6k/fpu/crti.o
                0x00100094                _init
 .init          0x001000a0        0xc C:/devkitPro/devkitARM/bin/../lib/gcc/arm-none-eabi/13.2.0/armv6k/fpu/crtn.o
                0x001000ac                        . = ALIGN (0x4)
 *(.text)
 .text          0x001000ac      0x240 C:/devkitPro/devkitARM/bin/../lib/gcc/arm-none-eabi/13.2.0/armv6k/fpu\libgcc.a(_divsi3.o)
                0x001000ac                __divsi3
                0x001000ac                __aeabi_idiv
                0x001002cc                __aeabi_idivmod
 .text          0x001002ec        0x4 C:/devkitPro/devkitARM/bin/../lib/gcc/arm-none-eabi/13.2.0/armv6k/fpu\libgcc.a(_dvmd_tls.o)
                0x001002ec                __aeabi_idiv0
                0x001002ec                __aeabi_ldiv0
 *fill*         0x001002f0       0x10 
 .text          0x00100300      0x390 C:/devkitPro/devkitARM/bin/../lib/gcc/arm-none-eabi/13.2.0/../../../../arm-none-eabi/lib/armv6k/fpu\libg.a(libc_a-strcmp.o)
                0x00100308                strcmp
 .text          0x00100690      0x20c C:/devkitPro/devkitARM/bin/../lib/gcc/arm-none-eabi/13.2.0/armv6k/fpu\libgcc.a(_udivsi3.o)
                0x00100690                __aeabi_uidiv
                0x00100690                __udivsi3
                0x0010087c                __aeabi_uidivmod
 *(.text.*)
 .text.__do_global_dtors_aux
                0x0010089c       0x40 C:/devkitPro/devkitARM/bin/../lib/gcc/arm-none-eabi/13.2.0/armv6k/fpu/crtbegin.o
 .text.frame_dummy
                0x001008dc       0x2c C:/devkitPro/devkitARM/bin/../lib/gcc/arm-none-eabi/13.2.0/armv6k/fpu/crtbegin.o
 .text.initializeBoxes
                0x00100908       0x70 main.o
                0x00100908                initializeBoxes
 .text.updateBoxPositions
                0x00100978      0x128 main.o
                0x00100978                updateBoxPositions
 .text.startup.main
                0x00100aa0      0x2fc main.o
                0x00100aa0                main
 .text.consoleHandleColorEsc
                0x00100d9c      0x51c C:/devkitPro/libctru/lib\libctru.a(console.o)
 .text.consoleColorStateShift
                0x001012b8       0xb8 C:/devkitPro/libctru/lib\libctru.a(console.o)
 .text.consoleDrawChar
                0x00101370      0x1ac C:/devkitPro/libctru/lib\libctru.a(console.o)
                0x00101370                consoleDrawChar
 .text.consolePrintChar
                0x0010151c      0x124 C:/devkitPro/libctru/lib\libctru.a(console.o)
                0x0010151c                consolePrintChar
 .text.con_write
                0x00101640      0x6f4 C:/devkitPro/libctru/lib\libctru.a(console.o)
                0x00101640                con_write
 .text.newRow   0x00101d34       0xfc C:/devkitPro/libctru/lib\libctru.a(console.o)
 .text.consoleInit
                0x00101e30      0x18c C:/devkitPro/libctru/lib\libctru.a(console.o)
                0x00101e30                consoleInit
 .text.gfxPresentFramebuffer
                0x00101fbc       0xd0 C:/devkitPro/libctru/lib\libctru.a(gfx.o)
 .text.gfxIsWide
                0x0010208c       0x1c C:/devkitPro/libctru/lib\libctru.a(gfx.o)
                0x0010208c                gfxIsWide
 .text.gfxSetScreenFormat
                0x001020a8       0xec C:/devkitPro/libctru/lib\libctru.a(gfx.o)
                0x001020a8                gfxSetScreenFormat
 .text.gfxSetDoubleBuffering
                0x00102194       0x10 C:/devkitPro/libctru/lib\libctru.a(gfx.o)
                0x00102194                gfxSetDoubleBuffering
 .text.gfxInit  0x001021a4       0xe0 C:/devkitPro/libctru/lib\libctru.a(gfx.o)
                0x001021a4                gfxInit
 .text.gfxInitDefault
                0x00102284       0x10 C:/devkitPro/libctru/lib\libctru.a(gfx.o)
                0x00102284                gfxInitDefault
 .text.gfxExit  0x00102294       0xb4 C:/devkitPro/libctru/lib\libctru.a(gfx.o)
                0x00102294                gfxExit
 .text.gfxGetFramebuffer
                0x00102348       0xa0 C:/devkitPro/libctru/lib\libctru.a(gfx.o)
                0x00102348                gfxGetFramebuffer
 .text.gfxFlushBuffers
                0x001023e8      0x104 C:/devkitPro/libctru/lib\libctru.a(gfx.o)
                0x001023e8                gfxFlushBuffers
 .text.gfxSwapBuffersGpu
                0x001024ec       0x50 C:/devkitPro/libctru/lib\libctru.a(gfx.o)
                0x001024ec                gfxSwapBuffersGpu
 .text.aptConvertScreenForCapture
                0x0010253c      0x1ac C:/devkitPro/libctru/lib\libctru.a(apt.o)
 .text.aptDspSleep
                0x001026e8        0x8 C:/devkitPro/libctru/lib\libctru.a(apt.o)
                0x001026e8                aptDspSleep
 .text.aptDspWakeup
                0x001026f0        0x4 C:/devkitPro/libctru/lib\libctru.a(apt.o)
                0x001026f0                aptDspWakeup
 .text.aptDspCancel
                0x001026f4        0x4 C:/devkitPro/libctru/lib\libctru.a(apt.o)
                0x001026f4                aptDspCancel
 .text.aptSendCommand
                0x001026f8      0x158 C:/devkitPro/libctru/lib\libctru.a(apt.o)
                0x001026f8                aptSendCommand
 .text.aptExitProcess
                0x00102850       0x44 C:/devkitPro/libctru/lib\libctru.a(apt.o)
 .text.aptExit  0x00102894      0x38c C:/devkitPro/libctru/lib\libctru.a(apt.o)
                0x00102894                aptExit
 .text.aptHandleSleep
                0x00102c20       0xe0 C:/devkitPro/libctru/lib\libctru.a(apt.o)
                0x00102c20                aptHandleSleep
 .text.APT_SleepIfShellClosed
                0x00102d00       0x84 C:/devkitPro/libctru/lib\libctru.a(apt.o)
                0x00102d00                APT_SleepIfShellClosed
 .text.aptSetSleepAllowed
                0x00102d84       0x84 C:/devkitPro/libctru/lib\libctru.a(apt.o)
                0x00102d84                aptSetSleepAllowed
 .text.APT_UnlockTransition
                0x00102e08       0x84 C:/devkitPro/libctru/lib\libctru.a(apt.o)
                0x00102e08                APT_UnlockTransition
 *fill*         0x00102e8c        0x4 
 .text.aptEventHandler
                0x00102e90      0x4a4 C:/devkitPro/libctru/lib\libctru.a(apt.o)
 .text.APT_ReceiveParameter
                0x00103334       0xb0 C:/devkitPro/libctru/lib\libctru.a(apt.o)
                0x00103334                APT_ReceiveParameter
 .text.aptReceiveParameter.constprop.0
                0x001033e4       0xac C:/devkitPro/libctru/lib\libctru.a(apt.o)
 .text.aptScreenTransfer
                0x00103490      0x2ac C:/devkitPro/libctru/lib\libctru.a(apt.o)
 .text.aptWaitForWakeUp.isra.0
                0x0010373c      0x320 C:/devkitPro/libctru/lib\libctru.a(apt.o)
 .text.aptJumpToHomeMenu
                0x00103a5c       0xf8 C:/devkitPro/libctru/lib\libctru.a(apt.o)
                0x00103a5c                aptJumpToHomeMenu
 .text.aptMainLoop
                0x00103b54       0x48 C:/devkitPro/libctru/lib\libctru.a(apt.o)
                0x00103b54                aptMainLoop
 .text.aptInit  0x00103b9c      0x22c C:/devkitPro/libctru/lib\libctru.a(apt.o)
                0x00103b9c                aptInit
 .text.APT_CheckNew3DS
                0x00103dc8       0x7c C:/devkitPro/libctru/lib\libctru.a(apt.o)
                0x00103dc8                APT_CheckNew3DS
 .text.gspHardwareInit
                0x00103e44      0xc64 C:/devkitPro/libctru/lib\libctru.a(gspgpu.o)
 .text.gspInit  0x00104aa8      0x248 C:/devkitPro/libctru/lib\libctru.a(gspgpu.o)
                0x00104aa8                gspInit
 .text.gspExit  0x00104cf0       0xf0 C:/devkitPro/libctru/lib\libctru.a(gspgpu.o)
                0x00104cf0                gspExit
 .text.gspHasGpuRight
                0x00104de0       0x10 C:/devkitPro/libctru/lib\libctru.a(gspgpu.o)
                0x00104de0                gspHasGpuRight
 .text.gspPresentBuffer
                0x00104df0       0xa0 C:/devkitPro/libctru/lib\libctru.a(gspgpu.o)
                0x00104df0                gspPresentBuffer
 .text.gspWaitForEvent
                0x00104e90       0x44 C:/devkitPro/libctru/lib\libctru.a(gspgpu.o)
                0x00104e90                gspWaitForEvent
 .text.gxCmdQueueInterrupt
                0x00104ed4        0x4 C:/devkitPro/libctru/lib\libctru.a(gspgpu.o)
                0x00104ed4                gxCmdQueueInterrupt
 .text.gspEventThreadMain
                0x00104ed8      0x158 C:/devkitPro/libctru/lib\libctru.a(gspgpu.o)
 .text.GSPGPU_FlushDataCache
                0x00105030       0x50 C:/devkitPro/libctru/lib\libctru.a(gspgpu.o)
                0x00105030                GSPGPU_FlushDataCache
 .text.GSPGPU_SetLcdForceBlack
                0x00105080       0x34 C:/devkitPro/libctru/lib\libctru.a(gspgpu.o)
                0x00105080                GSPGPU_SetLcdForceBlack
 .text.GSPGPU_AcquireRight
                0x001050b4       0x68 C:/devkitPro/libctru/lib\libctru.a(gspgpu.o)
                0x001050b4                GSPGPU_AcquireRight
 .text.GSPGPU_ReleaseRight
                0x0010511c       0x48 C:/devkitPro/libctru/lib\libctru.a(gspgpu.o)
                0x0010511c                GSPGPU_ReleaseRight
 .text.GSPGPU_ImportDisplayCaptureInfo
                0x00105164       0x7c C:/devkitPro/libctru/lib\libctru.a(gspgpu.o)
                0x00105164                GSPGPU_ImportDisplayCaptureInfo
 .text.GSPGPU_SaveVramSysArea
                0x001051e0       0x2c C:/devkitPro/libctru/lib\libctru.a(gspgpu.o)
                0x001051e0                GSPGPU_SaveVramSysArea
 .text.GSPGPU_RestoreVramSysArea
                0x0010520c       0x2c C:/devkitPro/libctru/lib\libctru.a(gspgpu.o)
                0x0010520c                GSPGPU_RestoreVramSysArea
 .text.hidShouldUseIrrst
                0x00105238       0x24 C:/devkitPro/libctru/lib\libctru.a(hid.o)
                0x00105238                hidShouldUseIrrst
 .text.hidInit  0x0010525c      0x18c C:/devkitPro/libctru/lib\libctru.a(hid.o)
                0x0010525c                hidInit
 .text.hidExit  0x001053e8       0xe8 C:/devkitPro/libctru/lib\libctru.a(hid.o)
                0x001053e8                hidExit
 .text.hidScanInput
                0x001054d0      0x2a4 C:/devkitPro/libctru/lib\libctru.a(hid.o)
                0x001054d0                hidScanInput
 .text.hidKeysHeld
                0x00105774       0x10 C:/devkitPro/libctru/lib\libctru.a(hid.o)
                0x00105774                hidKeysHeld
 .text.irrstInit
                0x00105784      0x160 C:/devkitPro/libctru/lib\libctru.a(irrst.o)
                0x00105784                irrstInit
 .text.irrstExit
                0x001058e4       0xcc C:/devkitPro/libctru/lib\libctru.a(irrst.o)
                0x001058e4                irrstExit
 .text.irrstScanInput
                0x001059b0       0xb4 C:/devkitPro/libctru/lib\libctru.a(irrst.o)
                0x001059b0                irrstScanInput
 .text.irrstKeysHeld
                0x00105a64       0x24 C:/devkitPro/libctru/lib\libctru.a(irrst.o)
                0x00105a64                irrstKeysHeld
 .text.__libctru_init
                0x00105a88       0x38 C:/devkitPro/libctru/lib\libctru.a(ctru_init.o)
                0x00105a88                __libctru_init
 .text.__system_initArgv
                0x00105ac0      0x170 C:/devkitPro/libctru/lib\libctru.a(initArgv.o)
                0x00105ac0                __system_initArgv
 .text.__syscall_getreent
                0x00105c30       0x30 C:/devkitPro/libctru/lib\libctru.a(syscalls.o)
                0x00105c30                __syscall_getreent
 .text.__syscall_lock_acquire
                0x00105c60        0x4 C:/devkitPro/libctru/lib\libctru.a(syscalls.o)
                0x00105c60                __syscall_lock_acquire
 .text.__syscall_lock_release
                0x00105c64        0x4 C:/devkitPro/libctru/lib\libctru.a(syscalls.o)
                0x00105c64                __syscall_lock_release
 .text.__syscall_lock_acquire_recursive
                0x00105c68        0x4 C:/devkitPro/libctru/lib\libctru.a(syscalls.o)
                0x00105c68                __syscall_lock_acquire_recursive
 .text.__syscall_lock_release_recursive
                0x00105c6c        0x4 C:/devkitPro/libctru/lib\libctru.a(syscalls.o)
                0x00105c6c                __syscall_lock_release_recursive
 .text.__syscall_exit
                0x00105c70        0x4 C:/devkitPro/libctru/lib\libctru.a(syscalls.o)
                0x00105c70                __syscall_exit
 .text.initThreadVars
                0x00105c74       0x50 C:/devkitPro/libctru/lib\libctru.a(syscalls.o)
                0x00105c74                initThreadVars
 .text.__system_initSyscalls
                0x00105cc4       0x80 C:/devkitPro/libctru/lib\libctru.a(syscalls.o)
                0x00105cc4                __system_initSyscalls
 .text.svcControlMemory
                0x00105d44       0x20 C:/devkitPro/libctru/lib\libctru.a(svc.o)
                0x00105d44                svcControlMemory
 .text.svcQueryMemory
                0x00105d64       0x30 C:/devkitPro/libctru/lib\libctru.a(svc.o)
                0x00105d64                svcQueryMemory
 .text.svcExitProcess
                0x00105d94        0x8 C:/devkitPro/libctru/lib\libctru.a(svc.o)
                0x00105d94                svcExitProcess
 .text.svcCreateThread
                0x00105d9c       0x20 C:/devkitPro/libctru/lib\libctru.a(svc.o)
                0x00105d9c                svcCreateThread
 .text.svcExitThread
                0x00105dbc        0x8 C:/devkitPro/libctru/lib\libctru.a(svc.o)
                0x00105dbc                svcExitThread
 .text.svcSleepThread
                0x00105dc4        0x8 C:/devkitPro/libctru/lib\libctru.a(svc.o)
                0x00105dc4                svcSleepThread
 .text.svcReleaseMutex
                0x00105dcc        0x8 C:/devkitPro/libctru/lib\libctru.a(svc.o)
                0x00105dcc                svcReleaseMutex
 .text.svcCreateEvent
                0x00105dd4       0x14 C:/devkitPro/libctru/lib\libctru.a(svc.o)
                0x00105dd4                svcCreateEvent
 .text.svcSignalEvent
                0x00105de8        0x8 C:/devkitPro/libctru/lib\libctru.a(svc.o)
                0x00105de8                svcSignalEvent
 .text.svcClearEvent
                0x00105df0        0x8 C:/devkitPro/libctru/lib\libctru.a(svc.o)
                0x00105df0                svcClearEvent
 .text.svcMapMemoryBlock
                0x00105df8        0x8 C:/devkitPro/libctru/lib\libctru.a(svc.o)
                0x00105df8                svcMapMemoryBlock
 .text.svcUnmapMemoryBlock
                0x00105e00        0x8 C:/devkitPro/libctru/lib\libctru.a(svc.o)
                0x00105e00                svcUnmapMemoryBlock
 .text.svcCreateAddressArbiter
                0x00105e08       0x14 C:/devkitPro/libctru/lib\libctru.a(svc.o)
                0x00105e08                svcCreateAddressArbiter
 .text.svcArbitrateAddressNoTimeout
                0x00105e1c        0x8 C:/devkitPro/libctru/lib\libctru.a(svc.o)
                0x00105e1c                svcArbitrateAddressNoTimeout
 .text.svcCloseHandle
                0x00105e24        0x8 C:/devkitPro/libctru/lib\libctru.a(svc.o)
                0x00105e24                svcCloseHandle
 .text.svcWaitSynchronization
                0x00105e2c        0x8 C:/devkitPro/libctru/lib\libctru.a(svc.o)
                0x00105e2c                svcWaitSynchronization
 .text.svcWaitSynchronizationN
                0x00105e34       0x28 C:/devkitPro/libctru/lib\libctru.a(svc.o)
                0x00105e34                svcWaitSynchronizationN
 .text.svcDuplicateHandle
                0x00105e5c       0x14 C:/devkitPro/libctru/lib\libctru.a(svc.o)
                0x00105e5c                svcDuplicateHandle
 .text.svcConnectToPort
                0x00105e70       0x14 C:/devkitPro/libctru/lib\libctru.a(svc.o)
                0x00105e70                svcConnectToPort
 .text.svcSendSyncRequest
                0x00105e84        0x8 C:/devkitPro/libctru/lib\libctru.a(svc.o)
                0x00105e84                svcSendSyncRequest
 .text.svcGetResourceLimit
                0x00105e8c       0x14 C:/devkitPro/libctru/lib\libctru.a(svc.o)
                0x00105e8c                svcGetResourceLimit
 .text.svcGetResourceLimitLimitValues
                0x00105ea0        0x8 C:/devkitPro/libctru/lib\libctru.a(svc.o)
                0x00105ea0                svcGetResourceLimitLimitValues
 .text.svcGetResourceLimitCurrentValues
                0x00105ea8        0x8 C:/devkitPro/libctru/lib\libctru.a(svc.o)
                0x00105ea8                svcGetResourceLimitCurrentValues
 .text.svcBreak
                0x00105eb0        0x8 C:/devkitPro/libctru/lib\libctru.a(svc.o)
                0x00105eb0                svcBreak
 .text.initSystem
                0x00105eb8       0x50 C:/devkitPro/libctru/lib\libctru.a(stack_adjust.o)
                0x00105eb8                initSystem
 .text.__ctru_exit
                0x00105f08       0x14 C:/devkitPro/libctru/lib\libctru.a(stack_adjust.o)
                0x00105f08                __ctru_exit
 .text._ZL21addrMapNodeComparatorPK11rbtree_nodeS1_
                0x00105f1c       0x24 C:/devkitPro/libctru/lib\libctru.a(linear.o)
 .text._ZL21addrMapNodeDestructorP11rbtree_node
                0x00105f40        0x4 C:/devkitPro/libctru/lib\libctru.a(linear.o)
 .text.linearMemAlign
                0x00105f44      0x120 C:/devkitPro/libctru/lib\libctru.a(linear.o)
                0x00105f44                linearMemAlign
 .text.linearAlloc
                0x00106064        0x8 C:/devkitPro/libctru/lib\libctru.a(linear.o)
                0x00106064                linearAlloc
 .text.linearFree
                0x0010606c       0x5c C:/devkitPro/libctru/lib\libctru.a(linear.o)
                0x0010606c                linearFree
 .text._ZN7MemPool13CoalesceRightEP8MemBlock
                0x001060c8       0x80 C:/devkitPro/libctru/lib\libctru.a(mem_pool.o)
                0x001060c8                MemPool::CoalesceRight(MemBlock*)
 .text._ZN7MemPool8AllocateER8MemChunkmi
                0x00106148      0x16c C:/devkitPro/libctru/lib\libctru.a(mem_pool.o)
                0x00106148                MemPool::Allocate(MemChunk&, unsigned long, int)
 .text._ZN7MemPool10DeallocateERK8MemChunk
                0x001062b4       0xfc C:/devkitPro/libctru/lib\libctru.a(mem_pool.o)
                0x001062b4                MemPool::Deallocate(MemChunk const&)
 .text._ZN7MemPool12GetFreeSpaceEv
                0x001063b0       0x30 C:/devkitPro/libctru/lib\libctru.a(mem_pool.o)
                0x001063b0                MemPool::GetFreeSpace()
 .text._ZL21addrMapNodeComparatorPK11rbtree_nodeS1_
                0x001063e0       0x24 C:/devkitPro/libctru/lib\libctru.a(vram.o)
 .text._ZL21addrMapNodeDestructorP11rbtree_node
                0x00106404        0x4 C:/devkitPro/libctru/lib\libctru.a(vram.o)
 .text.vramMemAlignAt
                0x00106408      0x24c C:/devkitPro/libctru/lib\libctru.a(vram.o)
                0x00106408                vramMemAlignAt
 .text.vramAlloc
                0x00106654        0xc C:/devkitPro/libctru/lib\libctru.a(vram.o)
                0x00106654                vramAlloc
 .text.vramFree
                0x00106660       0x90 C:/devkitPro/libctru/lib\libctru.a(vram.o)
                0x00106660                vramFree
 .text.envGetHandle
                0x001066f0       0x84 C:/devkitPro/libctru/lib\libctru.a(env.o)
                0x001066f0                envGetHandle
 .text.envDestroyHandles
                0x00106774       0x50 C:/devkitPro/libctru/lib\libctru.a(env.o)
                0x00106774                envDestroyHandles
 .text.__ctru_speedup_config
                0x001067c4       0x34 C:/devkitPro/libctru/lib\libctru.a(os.o)
                0x001067c4                __ctru_speedup_config
 .text.srvInit  0x001067f8      0x12c C:/devkitPro/libctru/lib\libctru.a(srv.o)
                0x001067f8                srvInit
 .text.srvExit  0x00106924       0x58 C:/devkitPro/libctru/lib\libctru.a(srv.o)
                0x00106924                srvExit
 .text.srvEnableNotification
                0x0010697c       0x60 C:/devkitPro/libctru/lib\libctru.a(srv.o)
                0x0010697c                srvEnableNotification
 .text.srvGetServiceHandleDirect
                0x001069dc       0xa0 C:/devkitPro/libctru/lib\libctru.a(srv.o)
                0x001069dc                srvGetServiceHandleDirect
 .text.srvGetServiceHandle
                0x00106a7c       0x38 C:/devkitPro/libctru/lib\libctru.a(srv.o)
                0x00106a7c                srvGetServiceHandle
 .text.srvSubscribe
                0x00106ab4       0x34 C:/devkitPro/libctru/lib\libctru.a(srv.o)
                0x00106ab4                srvSubscribe
 .text.srvReceiveNotification
                0x00106ae8       0x60 C:/devkitPro/libctru/lib\libctru.a(srv.o)
                0x00106ae8                srvReceiveNotification
 .text.srvPublishToSubscriber
                0x00106b48       0x38 C:/devkitPro/libctru/lib\libctru.a(srv.o)
                0x00106b48                srvPublishToSubscriber
 .text.__sync_init
                0x00106b80        0xc C:/devkitPro/libctru/lib\libctru.a(synchronization.o)
                0x00106b80                __sync_init
 .text.__sync_fini
                0x00106b8c       0x18 C:/devkitPro/libctru/lib\libctru.a(synchronization.o)
                0x00106b8c                __sync_fini
 .text.syncArbitrateAddress
                0x00106ba4       0x2c C:/devkitPro/libctru/lib\libctru.a(synchronization.o)
                0x00106ba4                syncArbitrateAddress
 .text.LightLock_Lock
                0x00106bd0       0xac C:/devkitPro/libctru/lib\libctru.a(synchronization.o)
                0x00106bd0                LightLock_Lock
 .text.LightLock_Unlock
                0x00106c7c       0x40 C:/devkitPro/libctru/lib\libctru.a(synchronization.o)
                0x00106c7c                LightLock_Unlock
 .text.RecursiveLock_Lock
                0x00106cbc       0x30 C:/devkitPro/libctru/lib\libctru.a(synchronization.o)
                0x00106cbc                RecursiveLock_Lock
 .text.RecursiveLock_Unlock
                0x00106cec       0x54 C:/devkitPro/libctru/lib\libctru.a(synchronization.o)
                0x00106cec                RecursiveLock_Unlock
 .text.LightEvent_Init
                0x00106d40       0x40 C:/devkitPro/libctru/lib\libctru.a(synchronization.o)
                0x00106d40                LightEvent_Init
 .text.LightEvent_Clear
                0x00106d80       0xa4 C:/devkitPro/libctru/lib\libctru.a(synchronization.o)
                0x00106d80                LightEvent_Clear
 .text.LightEvent_Signal
                0x00106e24       0xc8 C:/devkitPro/libctru/lib\libctru.a(synchronization.o)
                0x00106e24                LightEvent_Signal
 .text.LightEvent_TryWait
                0x00106eec       0x50 C:/devkitPro/libctru/lib\libctru.a(synchronization.o)
                0x00106eec                LightEvent_TryWait
 .text.LightEvent_Wait
                0x00106f3c       0xa0 C:/devkitPro/libctru/lib\libctru.a(synchronization.o)
                0x00106f3c                LightEvent_Wait
 .text.threadCreate
                0x00106fdc      0x1d8 C:/devkitPro/libctru/lib\libctru.a(thread.o)
                0x00106fdc                threadCreate
 .text.threadFree
                0x001071b4       0x2c C:/devkitPro/libctru/lib\libctru.a(thread.o)
                0x001071b4                threadFree
 .text.threadJoin
                0x001071e0       0x24 C:/devkitPro/libctru/lib\libctru.a(thread.o)
                0x001071e0                threadJoin
 .text.threadGetCurrent
                0x00107204       0x30 C:/devkitPro/libctru/lib\libctru.a(thread.o)
                0x00107204                threadGetCurrent
 .text.threadExit
                0x00107234       0x40 C:/devkitPro/libctru/lib\libctru.a(thread.o)
                0x00107234                threadExit
 .text._thread_begin
                0x00107274       0x20 C:/devkitPro/libctru/lib\libctru.a(thread.o)
 .text.mappableFindAddressWithin
                0x00107294       0xb4 C:/devkitPro/libctru/lib\libctru.a(mappable.o)
 .text.mappableInit
                0x00107348       0x28 C:/devkitPro/libctru/lib\libctru.a(mappable.o)
                0x00107348                mappableInit
 .text.mappableAlloc
                0x00107370       0x80 C:/devkitPro/libctru/lib\libctru.a(mappable.o)
                0x00107370                mappableAlloc
 .text.mappableFree
                0x001073f0        0x4 C:/devkitPro/libctru/lib\libctru.a(mappable.o)
                0x001073f0                mappableFree
 .text.ptmSysmInit
                0x001073f4       0x74 C:/devkitPro/libctru/lib\libctru.a(ptmsysm.o)
                0x001073f4                ptmSysmInit
 .text.ptmSysmExit
                0x00107468       0x3c C:/devkitPro/libctru/lib\libctru.a(ptmsysm.o)
                0x00107468                ptmSysmExit
 .text.PTMSYSM_ConfigureNew3DSCPU
                0x001074a4       0x34 C:/devkitPro/libctru/lib\libctru.a(ptmsysm.o)
                0x001074a4                PTMSYSM_ConfigureNew3DSCPU
 .text.srvPmGetSessionHandle
                0x001074d8        0xc C:/devkitPro/libctru/lib\libctru.a(srvpm.o)
                0x001074d8                srvPmGetSessionHandle
 .text.rbtree_find
                0x001074e4       0x74 C:/devkitPro/libctru/lib\libctru.a(rbtree_find.o)
                0x001074e4                rbtree_find
 .text.rbtree_init
                0x00107558       0x10 C:/devkitPro/libctru/lib\libctru.a(rbtree_init.o)
                0x00107558                rbtree_init
 .text.do_insert
                0x00107568      0x1b0 C:/devkitPro/libctru/lib\libctru.a(rbtree_insert.o)
 .text.rbtree_insert
                0x00107718        0x8 C:/devkitPro/libctru/lib\libctru.a(rbtree_insert.o)
                0x00107718                rbtree_insert
 .text.rbtree_remove
                0x00107720      0x318 C:/devkitPro/libctru/lib\libctru.a(rbtree_remove.o)
                0x00107720                rbtree_remove
 .text.rbtree_rotate
                0x00107a38       0x90 C:/devkitPro/libctru/lib\libctru.a(rbtree_rotate.o)
                0x00107a38                rbtree_rotate
 .text.__system_allocateHeaps
                0x00107ac8      0x1e0 C:/devkitPro/libctru/lib\libctru.a(allocateHeaps.o)
                0x00107ac8                __system_allocateHeaps
 .text.__appExit
                0x00107ca8       0x30 C:/devkitPro/libctru/lib\libctru.a(appExit.o)
                0x00107ca8                __appExit
 .text.__appInit
                0x00107cd8       0x30 C:/devkitPro/libctru/lib\libctru.a(appInit.o)
                0x00107cd8                __appInit
 .text.__libctru_exit
                0x00107d08       0x90 C:/devkitPro/libctru/lib\libctru.a(ctru_exit.o)
                0x00107d08                __libctru_exit
 .text.archive_link
                0x00107d98       0x14 C:/devkitPro/libctru/lib\libctru.a(archive_dev.o)
 .text.archive_dirreset
                0x00107dac       0x14 C:/devkitPro/libctru/lib\libctru.a(archive_dev.o)
 .text.archive_chmod
                0x00107dc0       0x14 C:/devkitPro/libctru/lib\libctru.a(archive_dev.o)
 .text.error_cmp
                0x00107dd4       0x24 C:/devkitPro/libctru/lib\libctru.a(archive_dev.o)
 .text.archive_translate_error
                0x00107df8       0x50 C:/devkitPro/libctru/lib\libctru.a(archive_dev.o)
 .text.archive_seek
                0x00107e48       0xc8 C:/devkitPro/libctru/lib\libctru.a(archive_dev.o)
 .text._archiveInit.part.0
                0x00107f10       0x7c C:/devkitPro/libctru/lib\libctru.a(archive_dev.o)
 .text.archiveFindDevice.part.0
                0x00107f8c       0xc4 C:/devkitPro/libctru/lib\libctru.a(archive_dev.o)
 .text.archive_utf16path
                0x00108050      0x280 C:/devkitPro/libctru/lib\libctru.a(archive_dev.o)
 .text._archiveUnmountDeviceStruct.part.0
                0x001082d0       0x9c C:/devkitPro/libctru/lib\libctru.a(archive_dev.o)
 .text.archive_fchmod
                0x0010836c       0x14 C:/devkitPro/libctru/lib\libctru.a(archive_dev.o)
 .text.archive_statvfs
                0x00108380       0x14 C:/devkitPro/libctru/lib\libctru.a(archive_dev.o)
 .text._archiveMountDevice
                0x00108394      0x164 C:/devkitPro/libctru/lib\libctru.a(archive_dev.o)
 .text.archive_diropen
                0x001084f8       0xe8 C:/devkitPro/libctru/lib\libctru.a(archive_dev.o)
 .text.archive_fstat
                0x001085e0       0xa4 C:/devkitPro/libctru/lib\libctru.a(archive_dev.o)
 .text.archive_fsync
                0x00108684       0x6c C:/devkitPro/libctru/lib\libctru.a(archive_dev.o)
 .text.archive_close
                0x001086f0       0x6c C:/devkitPro/libctru/lib\libctru.a(archive_dev.o)
 .text.archive_dirclose
                0x0010875c       0x70 C:/devkitPro/libctru/lib\libctru.a(archive_dev.o)
 .text.sdmc_statvfs
                0x001087cc       0xe8 C:/devkitPro/libctru/lib\libctru.a(archive_dev.o)
 .text.archive_chdir
                0x001088b4       0xec C:/devkitPro/libctru/lib\libctru.a(archive_dev.o)
 .text.archive_ftruncate
                0x001089a0       0x7c C:/devkitPro/libctru/lib\libctru.a(archive_dev.o)
 .text.archive_read
                0x00108a1c       0xac C:/devkitPro/libctru/lib\libctru.a(archive_dev.o)
 .text.archive_unlink
                0x00108ac8       0xa4 C:/devkitPro/libctru/lib\libctru.a(archive_dev.o)
 .text.archive_rmdir
                0x00108b6c       0xbc C:/devkitPro/libctru/lib\libctru.a(archive_dev.o)
 .text.archive_mkdir
                0x00108c28       0xdc C:/devkitPro/libctru/lib\libctru.a(archive_dev.o)
 .text.archive_stat
                0x00108d04      0x194 C:/devkitPro/libctru/lib\libctru.a(archive_dev.o)
 .text.archive_dirnext
                0x00108e98      0x160 C:/devkitPro/libctru/lib\libctru.a(archive_dev.o)
 .text.archive_write
                0x00108ff8      0x124 C:/devkitPro/libctru/lib\libctru.a(archive_dev.o)
 .text.archive_open
                0x0010911c      0x20c C:/devkitPro/libctru/lib\libctru.a(archive_dev.o)
 .text.archive_rename
                0x00109328      0x278 C:/devkitPro/libctru/lib\libctru.a(archive_dev.o)
 .text.archiveMountSdmc
                0x001095a0      0x19c C:/devkitPro/libctru/lib\libctru.a(archive_dev.o)
                0x001095a0                archiveMountSdmc
 .text.archiveUnmountAll
                0x0010973c       0x54 C:/devkitPro/libctru/lib\libctru.a(archive_dev.o)
                0x0010973c                archiveUnmountAll
 .text.fsInit   0x00109790       0xcc C:/devkitPro/libctru/lib\libctru.a(fs.o)
                0x00109790                fsInit
 .text.fsExit   0x0010985c       0x3c C:/devkitPro/libctru/lib\libctru.a(fs.o)
                0x0010985c                fsExit
 .text.fsExemptFromSession
                0x00109898       0x60 C:/devkitPro/libctru/lib\libctru.a(fs.o)
                0x00109898                fsExemptFromSession
 .text.fsUnexemptFromSession
                0x001098f8       0x50 C:/devkitPro/libctru/lib\libctru.a(fs.o)
                0x001098f8                fsUnexemptFromSession
 .text.FSUSER_OpenFile
                0x00109948       0xcc C:/devkitPro/libctru/lib\libctru.a(fs.o)
                0x00109948                FSUSER_OpenFile
 .text.FSUSER_DeleteFile
                0x00109a14       0xbc C:/devkitPro/libctru/lib\libctru.a(fs.o)
                0x00109a14                FSUSER_DeleteFile
 .text.FSUSER_RenameFile
                0x00109ad0       0xf8 C:/devkitPro/libctru/lib\libctru.a(fs.o)
                0x00109ad0                FSUSER_RenameFile
 .text.FSUSER_DeleteDirectory
                0x00109bc8       0xbc C:/devkitPro/libctru/lib\libctru.a(fs.o)
                0x00109bc8                FSUSER_DeleteDirectory
 .text.FSUSER_CreateFile
                0x00109c84       0xd4 C:/devkitPro/libctru/lib\libctru.a(fs.o)
                0x00109c84                FSUSER_CreateFile
 .text.FSUSER_CreateDirectory
                0x00109d58       0xc4 C:/devkitPro/libctru/lib\libctru.a(fs.o)
                0x00109d58                FSUSER_CreateDirectory
 .text.FSUSER_RenameDirectory
                0x00109e1c       0xf8 C:/devkitPro/libctru/lib\libctru.a(fs.o)
                0x00109e1c                FSUSER_RenameDirectory
 .text.FSUSER_OpenDirectory
                0x00109f14       0xb4 C:/devkitPro/libctru/lib\libctru.a(fs.o)
                0x00109f14                FSUSER_OpenDirectory
 .text.FSUSER_OpenArchive
                0x00109fc8       0x94 C:/devkitPro/libctru/lib\libctru.a(fs.o)
                0x00109fc8                FSUSER_OpenArchive
 .text.FSUSER_CloseArchive
                0x0010a05c       0x8c C:/devkitPro/libctru/lib\libctru.a(fs.o)
                0x0010a05c                FSUSER_CloseArchive
 .text.FSUSER_GetSdmcArchiveResource
                0x0010a0e8       0x74 C:/devkitPro/libctru/lib\libctru.a(fs.o)
                0x0010a0e8                FSUSER_GetSdmcArchiveResource
 .text.FSUSER_IsSdmcWritable
                0x0010a15c       0x64 C:/devkitPro/libctru/lib\libctru.a(fs.o)
                0x0010a15c                FSUSER_IsSdmcWritable
 .text.FSFILE_Read
                0x0010a1c0       0x58 C:/devkitPro/libctru/lib\libctru.a(fs.o)
                0x0010a1c0                FSFILE_Read
 .text.FSFILE_Write
                0x0010a218       0x60 C:/devkitPro/libctru/lib\libctru.a(fs.o)
                0x0010a218                FSFILE_Write
 .text.FSFILE_GetSize
                0x0010a278       0x38 C:/devkitPro/libctru/lib\libctru.a(fs.o)
                0x0010a278                FSFILE_GetSize
 .text.FSFILE_SetSize
                0x0010a2b0       0x28 C:/devkitPro/libctru/lib\libctru.a(fs.o)
                0x0010a2b0                FSFILE_SetSize
 .text.FSFILE_Close
                0x0010a2d8       0x3c C:/devkitPro/libctru/lib\libctru.a(fs.o)
                0x0010a2d8                FSFILE_Close
 .text.FSFILE_Flush
                0x0010a314       0x24 C:/devkitPro/libctru/lib\libctru.a(fs.o)
                0x0010a314                FSFILE_Flush
 .text.FSDIR_Read
                0x0010a338       0x50 C:/devkitPro/libctru/lib\libctru.a(fs.o)
                0x0010a338                FSDIR_Read
 .text.FSDIR_Close
                0x0010a388       0x3c C:/devkitPro/libctru/lib\libctru.a(fs.o)
                0x0010a388                FSDIR_Close
 .text.rbtree_node_next
                0x0010a3c4       0x5c C:/devkitPro/libctru/lib\libctru.a(rbtree_iterator.o)
                0x0010a3c4                rbtree_node_next
 .text.decode_utf8
                0x0010a420      0x13c C:/devkitPro/libctru/lib\libctru.a(decode_utf8.o)
                0x0010a420                decode_utf8
 .text.utf16_to_utf8
                0x0010a55c       0xe8 C:/devkitPro/libctru/lib\libctru.a(utf16_to_utf8.o)
                0x0010a55c                utf16_to_utf8
 .text.utf8_to_utf16
                0x0010a644       0xc0 C:/devkitPro/libctru/lib\libctru.a(utf8_to_utf16.o)
                0x0010a644                utf8_to_utf16
 .text.__aeabi_read_tp
                0x0010a704        0xc C:/devkitPro/libctru/lib\libctru.a(readtp.o)
                0x0010a704                __aeabi_read_tp
 .text.decode_utf16
                0x0010a710       0x64 C:/devkitPro/libctru/lib\libctru.a(decode_utf16.o)
                0x0010a710                decode_utf16
 .text.encode_utf16
                0x0010a774       0x54 C:/devkitPro/libctru/lib\libctru.a(encode_utf16.o)
                0x0010a774                encode_utf16
 .text.encode_utf8
                0x0010a7c8       0xe0 C:/devkitPro/libctru/lib\libctru.a(encode_utf8.o)
                0x0010a7c8                encode_utf8
 .text.fmod     0x0010a8a8       0x68 C:/devkitPro/devkitARM/bin/../lib/gcc/arm-none-eabi/13.2.0/../../../../arm-none-eabi/lib/armv6k/fpu\libm.a(libm_a-w_fmod.o)
                0x0010a8a8                fmod
 .text.__ieee754_fmod
                0x0010a910      0x440 C:/devkitPro/devkitARM/bin/../lib/gcc/arm-none-eabi/13.2.0/../../../../arm-none-eabi/lib/armv6k/fpu\libm.a(libm_a-e_fmod.o)
                0x0010a910                __ieee754_fmod
 .text.memalign
                0x0010ad50       0x20 C:/devkitPro/devkitARM/bin/../lib/gcc/arm-none-eabi/13.2.0/../../../../arm-none-eabi/lib/armv6k/fpu\libg.a(libc_a-malign.o)
                0x0010ad50                memalign
 .text._memalign_r
                0x0010ad70      0x14c C:/devkitPro/devkitARM/bin/../lib/gcc/arm-none-eabi/13.2.0/../../../../arm-none-eabi/lib/armv6k/fpu\libg.a(libc_a-malignr.o)
                0x0010ad70                _memalign_r
 .text.bsearch  0x0010aebc       0x78 C:/devkitPro/devkitARM/bin/../lib/gcc/arm-none-eabi/13.2.0/../../../../arm-none-eabi/lib/armv6k/fpu\libg.a(libc_a-bsearch.o)
                0x0010aebc                bsearch
 .text.setvbuf  0x0010af34      0x25c C:/devkitPro/devkitARM/bin/../lib/gcc/arm-none-eabi/13.2.0/../../../../arm-none-eabi/lib/armv6k/fpu\libg.a(libc_a-setvbuf.o)
                0x0010af34                setvbuf
 .text.__call_exitprocs
                0x0010b190        0x4 C:/devkitPro/devkitARM/bin/../lib/gcc/arm-none-eabi/13.2.0/../../../../arm-none-eabi/lib/armv6k/fpu\libg.a(libc_a-exit.o)
                0x0010b190                __call_exitprocs
 .text.exit     0x0010b194       0x30 C:/devkitPro/devkitARM/bin/../lib/gcc/arm-none-eabi/13.2.0/../../../../arm-none-eabi/lib/armv6k/fpu\libg.a(libc_a-exit.o)
                0x0010b194                exit
 .text._malloc_trim_r
                0x0010b1c4       0xf8 C:/devkitPro/devkitARM/bin/../lib/gcc/arm-none-eabi/13.2.0/../../../../arm-none-eabi/lib/armv6k/fpu\libg.a(libc_a-freer.o)
                0x0010b1c4                _malloc_trim_r
 .text._free_r  0x0010b2bc      0x2e8 C:/devkitPro/devkitARM/bin/../lib/gcc/arm-none-eabi/13.2.0/../../../../arm-none-eabi/lib/armv6k/fpu\libg.a(libc_a-freer.o)
                0x0010b2bc                _free_r
 .text.malloc   0x0010b5a4       0x18 C:/devkitPro/devkitARM/bin/../lib/gcc/arm-none-eabi/13.2.0/../../../../arm-none-eabi/lib/armv6k/fpu\libg.a(libc_a-malloc.o)
                0x0010b5a4                malloc
 .text.free     0x0010b5bc       0x18 C:/devkitPro/devkitARM/bin/../lib/gcc/arm-none-eabi/13.2.0/../../../../arm-none-eabi/lib/armv6k/fpu\libg.a(libc_a-malloc.o)
                0x0010b5bc                free
 .text._malloc_r
                0x0010b5d4      0x79c C:/devkitPro/devkitARM/bin/../lib/gcc/arm-none-eabi/13.2.0/../../../../arm-none-eabi/lib/armv6k/fpu\libg.a(libc_a-mallocr.o)
                0x0010b5d4                _malloc_r
 .text.memmove  0x0010bd70      0x150 C:/devkitPro/devkitARM/bin/../lib/gcc/arm-none-eabi/13.2.0/../../../../arm-none-eabi/lib/armv6k/fpu\libg.a(libc_a-memmove.o)
                0x0010bd70                memmove
 .text.memset   0x0010bec0       0xf4 C:/devkitPro/devkitARM/bin/../lib/gcc/arm-none-eabi/13.2.0/../../../../arm-none-eabi/lib/armv6k/fpu\libg.a(libc_a-memset.o)
                0x0010bec0                memset
 .text.__malloc_lock
                0x0010bfb4        0xc C:/devkitPro/devkitARM/bin/../lib/gcc/arm-none-eabi/13.2.0/../../../../arm-none-eabi/lib/armv6k/fpu\libg.a(libc_a-mlock.o)
                0x0010bfb4                __malloc_lock
 .text.__malloc_unlock
                0x0010bfc0        0xc C:/devkitPro/devkitARM/bin/../lib/gcc/arm-none-eabi/13.2.0/../../../../arm-none-eabi/lib/armv6k/fpu\libg.a(libc_a-mlock.o)
                0x0010bfc0                __malloc_unlock
 .text.strlen   0x0010bfcc       0x90 C:/devkitPro/devkitARM/bin/../lib/gcc/arm-none-eabi/13.2.0/../../../../arm-none-eabi/lib/armv6k/fpu\libg.a(libc_a-strlen.o)
                0x0010bfcc                strlen
 .text.__sflush_r
                0x0010c05c      0x22c C:/devkitPro/devkitARM/bin/../lib/gcc/arm-none-eabi/13.2.0/../../../../arm-none-eabi/lib/armv6k/fpu\libg.a(libc_a-fflush.o)
                0x0010c05c                __sflush_r
 .text._fflush_r
                0x0010c288       0x94 C:/devkitPro/devkitARM/bin/../lib/gcc/arm-none-eabi/13.2.0/../../../../arm-none-eabi/lib/armv6k/fpu\libg.a(libc_a-fflush.o)
                0x0010c288                _fflush_r
 .text.strncat  0x0010c31c       0xe4 C:/devkitPro/devkitARM/bin/../lib/gcc/arm-none-eabi/13.2.0/../../../../arm-none-eabi/lib/armv6k/fpu\libg.a(libc_a-strncat.o)
                0x0010c31c                strncat
 .text.strncmp  0x0010c400       0xe4 C:/devkitPro/devkitARM/bin/../lib/gcc/arm-none-eabi/13.2.0/../../../../arm-none-eabi/lib/armv6k/fpu\libg.a(libc_a-strncmp.o)
                0x0010c400                strncmp
 .text._fwalk_sglue
                0x0010c4e4       0x70 C:/devkitPro/devkitARM/bin/../lib/gcc/arm-none-eabi/13.2.0/../../../../arm-none-eabi/lib/armv6k/fpu\libg.a(libc_a-fwalk.o)
                0x0010c4e4                _fwalk_sglue
 .text.strncpy  0x0010c554       0xc4 C:/devkitPro/devkitARM/bin/../lib/gcc/arm-none-eabi/13.2.0/../../../../arm-none-eabi/lib/armv6k/fpu\libg.a(libc_a-strncpy.o)
                0x0010c554                strncpy
 .text.stdio_exit_handler
                0x0010c618       0x1c C:/devkitPro/devkitARM/bin/../lib/gcc/arm-none-eabi/13.2.0/../../../../arm-none-eabi/lib/armv6k/fpu\libg.a(libc_a-findfp.o)
 .text.cleanup_stdio
                0x0010c634       0x5c C:/devkitPro/devkitARM/bin/../lib/gcc/arm-none-eabi/13.2.0/../../../../arm-none-eabi/lib/armv6k/fpu\libg.a(libc_a-findfp.o)
 .text.global_stdio_init.part.0
                0x0010c690      0x154 C:/devkitPro/devkitARM/bin/../lib/gcc/arm-none-eabi/13.2.0/../../../../arm-none-eabi/lib/armv6k/fpu\libg.a(libc_a-findfp.o)
 .text.__sinit  0x0010c7e4       0x5c C:/devkitPro/devkitARM/bin/../lib/gcc/arm-none-eabi/13.2.0/../../../../arm-none-eabi/lib/armv6k/fpu\libg.a(libc_a-findfp.o)
                0x0010c7e4                __sinit
 .text.__sfp_lock_acquire
                0x0010c840        0xc C:/devkitPro/devkitARM/bin/../lib/gcc/arm-none-eabi/13.2.0/../../../../arm-none-eabi/lib/armv6k/fpu\libg.a(libc_a-findfp.o)
                0x0010c840                __sfp_lock_acquire
 .text.__sfp_lock_release
                0x0010c84c        0xc C:/devkitPro/devkitARM/bin/../lib/gcc/arm-none-eabi/13.2.0/../../../../arm-none-eabi/lib/armv6k/fpu\libg.a(libc_a-findfp.o)
                0x0010c84c                __sfp_lock_release
 .text.strnlen  0x0010c858       0x48 C:/devkitPro/devkitARM/bin/../lib/gcc/arm-none-eabi/13.2.0/../../../../arm-none-eabi/lib/armv6k/fpu\libg.a(libc_a-strnlen.o)
                0x0010c858                strnlen
 .text._strtoul_l.isra.0
                0x0010c8a0      0x1d8 C:/devkitPro/devkitARM/bin/../lib/gcc/arm-none-eabi/13.2.0/../../../../arm-none-eabi/lib/armv6k/fpu\libg.a(libc_a-strtoul.o)
 .text.strtoul  0x0010ca78       0x34 C:/devkitPro/devkitARM/bin/../lib/gcc/arm-none-eabi/13.2.0/../../../../arm-none-eabi/lib/armv6k/fpu\libg.a(libc_a-strtoul.o)
                0x0010ca78                strtoul
 .text.memcpy   0x0010caac      0x11c C:/devkitPro/devkitARM/bin/../lib/gcc/arm-none-eabi/13.2.0/../../../../arm-none-eabi/lib/armv6k/fpu\libg.a(libc_a-memcpy-stub.o)
                0x0010caac                memcpy
 .text.__libc_init_array
                0x0010cbc8       0x84 C:/devkitPro/devkitARM/bin/../lib/gcc/arm-none-eabi/13.2.0/../../../../arm-none-eabi/lib/armv6k/fpu\libg.a(libc_a-init.o)
                0x0010cbc8                __libc_init_array
 .text.__libc_fini_array
                0x0010cc4c       0x3c C:/devkitPro/devkitARM/bin/../lib/gcc/arm-none-eabi/13.2.0/../../../../arm-none-eabi/lib/armv6k/fpu\libg.a(libc_a-fini.o)
                0x0010cc4c                __libc_fini_array
 .text.__errno  0x0010cc88        0xc C:/devkitPro/devkitARM/bin/../lib/gcc/arm-none-eabi/13.2.0/../../../../arm-none-eabi/lib/armv6k/fpu\libg.a(libc_a-errno.o)
                0x0010cc88                __errno
 .text.__swhatbuf_r
                0x0010cc94       0x8c C:/devkitPro/devkitARM/bin/../lib/gcc/arm-none-eabi/13.2.0/../../../../arm-none-eabi/lib/armv6k/fpu\libg.a(libc_a-makebuf.o)
                0x0010cc94                __swhatbuf_r
 .text.__sread  0x0010cd20       0x44 C:/devkitPro/devkitARM/bin/../lib/gcc/arm-none-eabi/13.2.0/../../../../arm-none-eabi/lib/armv6k/fpu\libg.a(libc_a-stdio.o)
                0x0010cd20                __sread
 .text.__swrite
                0x0010cd64       0x68 C:/devkitPro/devkitARM/bin/../lib/gcc/arm-none-eabi/13.2.0/../../../../arm-none-eabi/lib/armv6k/fpu\libg.a(libc_a-stdio.o)
                0x0010cd64                __swrite
 .text.__sseek  0x0010cdcc       0x44 C:/devkitPro/devkitARM/bin/../lib/gcc/arm-none-eabi/13.2.0/../../../../arm-none-eabi/lib/armv6k/fpu\libg.a(libc_a-stdio.o)
                0x0010cdcc                __sseek
 .text.__sclose
                0x0010ce10        0x8 C:/devkitPro/devkitARM/bin/../lib/gcc/arm-none-eabi/13.2.0/../../../../arm-none-eabi/lib/armv6k/fpu\libg.a(libc_a-stdio.o)
                0x0010ce10                __sclose
 .text._fclose_r
                0x0010ce18      0x148 C:/devkitPro/devkitARM/bin/../lib/gcc/arm-none-eabi/13.2.0/../../../../arm-none-eabi/lib/armv6k/fpu\libg.a(libc_a-fclose.o)
                0x0010ce18                _fclose_r
 .text._exit    0x0010cf60       0x20 C:/devkitPro/devkitARM/bin/../lib/gcc/arm-none-eabi/13.2.0/../../../../arm-none-eabi/lib/armv6k/fpu\libsysbase.a(libsysbase_libsysbase_a-_exit.o)
                0x0010cf60                _exit
 .text.chdir    0x0010cf80      0x13c C:/devkitPro/devkitARM/bin/../lib/gcc/arm-none-eabi/13.2.0/../../../../arm-none-eabi/lib/armv6k/fpu\libsysbase.a(libsysbase_libsysbase_a-chdir.o)
                0x0010cf80                chdir
 .text._concatenate_path
                0x0010d0bc      0x1cc C:/devkitPro/devkitARM/bin/../lib/gcc/arm-none-eabi/13.2.0/../../../../arm-none-eabi/lib/armv6k/fpu\libsysbase.a(libsysbase_libsysbase_a-concatenate.o)
                0x0010d0bc                _concatenate_path
 .text._fstat_r
                0x0010d288       0x78 C:/devkitPro/devkitARM/bin/../lib/gcc/arm-none-eabi/13.2.0/../../../../arm-none-eabi/lib/armv6k/fpu\libsysbase.a(libsysbase_libsysbase_a-fstat.o)
                0x0010d288                _fstat_r
 .text.__getreent
                0x0010d300       0x2c C:/devkitPro/devkitARM/bin/../lib/gcc/arm-none-eabi/13.2.0/../../../../arm-none-eabi/lib/armv6k/fpu\libsysbase.a(libsysbase_libsysbase_a-getreent.o)
                0x0010d300                __getreent
 .text.__get_handle
                0x0010d32c       0x3c C:/devkitPro/devkitARM/bin/../lib/gcc/arm-none-eabi/13.2.0/../../../../arm-none-eabi/lib/armv6k/fpu\libsysbase.a(libsysbase_libsysbase_a-handle_manager.o)
                0x0010d32c                __get_handle
 .text._close_r
                0x0010d368       0xf4 C:/devkitPro/devkitARM/bin/../lib/gcc/arm-none-eabi/13.2.0/../../../../arm-none-eabi/lib/armv6k/fpu\libsysbase.a(libsysbase_libsysbase_a-handle_manager.o)
                0x0010d368                _close_r
 .text.null_write
                0x0010d45c        0x8 C:/devkitPro/devkitARM/bin/../lib/gcc/arm-none-eabi/13.2.0/../../../../arm-none-eabi/lib/armv6k/fpu\libsysbase.a(libsysbase_libsysbase_a-iosupport.o)
 .text.setDefaultDevice
                0x0010d464       0x18 C:/devkitPro/devkitARM/bin/../lib/gcc/arm-none-eabi/13.2.0/../../../../arm-none-eabi/lib/armv6k/fpu\libsysbase.a(libsysbase_libsysbase_a-iosupport.o)
                0x0010d464                setDefaultDevice
 .text.FindDevice
                0x0010d47c       0xc8 C:/devkitPro/devkitARM/bin/../lib/gcc/arm-none-eabi/13.2.0/../../../../arm-none-eabi/lib/armv6k/fpu\libsysbase.a(libsysbase_libsysbase_a-iosupport.o)
                0x0010d47c                FindDevice
 .text.RemoveDevice
                0x0010d544       0x28 C:/devkitPro/devkitARM/bin/../lib/gcc/arm-none-eabi/13.2.0/../../../../arm-none-eabi/lib/armv6k/fpu\libsysbase.a(libsysbase_libsysbase_a-iosupport.o)
                0x0010d544                RemoveDevice
 .text.AddDevice
                0x0010d56c       0x9c C:/devkitPro/devkitARM/bin/../lib/gcc/arm-none-eabi/13.2.0/../../../../arm-none-eabi/lib/armv6k/fpu\libsysbase.a(libsysbase_libsysbase_a-iosupport.o)
                0x0010d56c                AddDevice
 .text.GetDeviceOpTab
                0x0010d608       0x20 C:/devkitPro/devkitARM/bin/../lib/gcc/arm-none-eabi/13.2.0/../../../../arm-none-eabi/lib/armv6k/fpu\libsysbase.a(libsysbase_libsysbase_a-iosupport.o)
                0x0010d608                GetDeviceOpTab
 .text._lseek_r
                0x0010d628       0x84 C:/devkitPro/devkitARM/bin/../lib/gcc/arm-none-eabi/13.2.0/../../../../arm-none-eabi/lib/armv6k/fpu\libsysbase.a(libsysbase_libsysbase_a-lseek.o)
                0x0010d628                _lseek_r
 .text._read_r  0x0010d6ac       0x80 C:/devkitPro/devkitARM/bin/../lib/gcc/arm-none-eabi/13.2.0/../../../../arm-none-eabi/lib/armv6k/fpu\libsysbase.a(libsysbase_libsysbase_a-read.o)
                0x0010d6ac                _read_r
 .text._sbrk_r  0x0010d72c       0x78 C:/devkitPro/devkitARM/bin/../lib/gcc/arm-none-eabi/13.2.0/../../../../arm-none-eabi/lib/armv6k/fpu\libsysbase.a(libsysbase_libsysbase_a-sbrk.o)
                0x0010d72c                _sbrk_r
 .text.__libc_lock_acquire
                0x0010d7a4       0x1c C:/devkitPro/devkitARM/bin/../lib/gcc/arm-none-eabi/13.2.0/../../../../arm-none-eabi/lib/armv6k/fpu\libsysbase.a(libsysbase_libsysbase_a-syscall_support.o)
                0x0010d7a4                __libc_lock_acquire
 .text.__libc_lock_release
                0x0010d7c0       0x1c C:/devkitPro/devkitARM/bin/../lib/gcc/arm-none-eabi/13.2.0/../../../../arm-none-eabi/lib/armv6k/fpu\libsysbase.a(libsysbase_libsysbase_a-syscall_support.o)
                0x0010d7c0                __libc_lock_release
 .text.__libc_lock_acquire_recursive
                0x0010d7dc       0x1c C:/devkitPro/devkitARM/bin/../lib/gcc/arm-none-eabi/13.2.0/../../../../arm-none-eabi/lib/armv6k/fpu\libsysbase.a(libsysbase_libsysbase_a-syscall_support.o)
                0x0010d7dc                __libc_lock_acquire_recursive
 .text.__libc_lock_release_recursive
                0x0010d7f8       0x1c C:/devkitPro/devkitARM/bin/../lib/gcc/arm-none-eabi/13.2.0/../../../../arm-none-eabi/lib/armv6k/fpu\libsysbase.a(libsysbase_libsysbase_a-syscall_support.o)
                0x0010d7f8                __libc_lock_release_recursive
 .text._write_r
                0x0010d814       0x80 C:/devkitPro/devkitARM/bin/../lib/gcc/arm-none-eabi/13.2.0/../../../../arm-none-eabi/lib/armv6k/fpu\libsysbase.a(libsysbase_libsysbase_a-write.o)
                0x0010d814                _write_r
 .text.strchr   0x0010d894      0x130 C:/devkitPro/devkitARM/bin/../lib/gcc/arm-none-eabi/13.2.0/../../../../arm-none-eabi/lib/armv6k/fpu\libg.a(libc_a-strchr.o)
                0x0010d894                strchr
 .text.strrchr  0x0010d9c4       0x48 C:/devkitPro/devkitARM/bin/../lib/gcc/arm-none-eabi/13.2.0/../../../../arm-none-eabi/lib/armv6k/fpu\libg.a(libc_a-strrchr.o)
                0x0010d9c4                strrchr
 *(.glue_7)
 .glue_7        0x0010da0c        0x0 linker stubs
 *(.glue_7t)
 .glue_7t       0x0010da0c        0x0 linker stubs
 *(.stub)
 *(.gnu.warning)
 *(.gnu.linkonce.t*)
                0x0010da0c                        . = ALIGN (0x4)
 *(.fini)
 .fini          0x0010da0c        0xc C:/devkitPro/devkitARM/bin/../lib/gcc/arm-none-eabi/13.2.0/armv6k/fpu/crti.o
                0x0010da0c                _fini
 .fini          0x0010da18        0xc C:/devkitPro/devkitARM/bin/../lib/gcc/arm-none-eabi/13.2.0/armv6k/fpu/crtn.o
                0x0010da24                        . = ALIGN (0x4)

.vfp11_veneer   0x0010da24        0x0
 .vfp11_veneer  0x0010da24        0x0 linker stubs

.v4_bx          0x0010da24        0x0
 .v4_bx         0x0010da24        0x0 linker stubs

.iplt           0x0010da24        0x0
 .iplt          0x0010da24        0x0 C:/devkitPro/devkitARM/bin/../lib/gcc/arm-none-eabi/13.2.0/../../../../arm-none-eabi/lib/armv6k/fpu/3dsx_crt0.o
                0x0010e000                        . = ALIGN (0x1000)

.rodata         0x0010e000      0xbd8
 *(.rodata)
 .rodata        0x0010e000        0xc C:/devkitPro/libctru/lib\libctru.a(archive_dev.o)
 *(.roda)
 *(.rodata.*)
 .rodata.str1.4
                0x0010e00c       0x9c C:/devkitPro/libctru/lib\libctru.a(console.o)
                                 0x10 (size before relaxing)
 .rodata.dotab_stdout
                0x0010e0a8       0x80 C:/devkitPro/libctru/lib\libctru.a(console.o)
 .rodata.grayScale
                0x0010e128       0x18 C:/devkitPro/libctru/lib\libctru.a(console.o)
 .rodata.colorCube
                0x0010e140        0x6 C:/devkitPro/libctru/lib\libctru.a(console.o)
 *fill*         0x0010e146        0x2 
 .rodata.colorTable
                0x0010e148       0x30 C:/devkitPro/libctru/lib\libctru.a(console.o)
 .rodata.aptSendCommand.str1.4
                0x0010e178       0x16 C:/devkitPro/libctru/lib\libctru.a(apt.o)
 .rodata.morton_y.2
                0x0010e178        0x8 C:/devkitPro/libctru/lib\libctru.a(apt.o)
 .rodata.morton_x.3
                0x0010e180        0x8 C:/devkitPro/libctru/lib\libctru.a(apt.o)
 .rodata.s_sleepWakeEvents.4
                0x0010e188        0x8 C:/devkitPro/libctru/lib\libctru.a(apt.o)
 .rodata.gspInit.str1.4
                0x0010e190        0x9 C:/devkitPro/libctru/lib\libctru.a(gspgpu.o)
 .rodata.hidInit.str1.4
                0x0010e190       0x15 C:/devkitPro/libctru/lib\libctru.a(hid.o)
 .rodata.irrstInit.str1.4
                0x0010e190        0x7 C:/devkitPro/libctru/lib\libctru.a(irrst.o)
 .rodata.__system_initArgv.str1.4
                0x0010e190        0xa C:/devkitPro/libctru/lib\libctru.a(initArgv.o)
 .rodata.default_font_bin
                0x0010e190      0x800 C:/devkitPro/libctru/lib\libctru.a(default_font.bin.o)
                0x0010e190                default_font_bin
                0x0010e990                default_font_bin_end
 .rodata.srvInit.str1.4
                0x0010e990        0x5 C:/devkitPro/libctru/lib\libctru.a(srv.o)
 .rodata.ptmSysmInit.str1.4
                0x0010e990        0x9 C:/devkitPro/libctru/lib\libctru.a(ptmsysm.o)
 .rodata.archive_utf16path.str1.4
                0x0010e990        0x2 C:/devkitPro/libctru/lib\libctru.a(archive_dev.o)
 .rodata._archiveUnmountDeviceStruct.part.0.str1.4
                0x0010e990        0x2 C:/devkitPro/libctru/lib\libctru.a(archive_dev.o)
 .rodata._archiveMountDevice.str1.4
                0x0010e990        0xc C:/devkitPro/libctru/lib\libctru.a(archive_dev.o)
 .rodata.archiveMountSdmc.str1.4
                0x0010e990        0x5 C:/devkitPro/libctru/lib\libctru.a(archive_dev.o)
 .rodata.error_table
                0x0010e990       0x30 C:/devkitPro/libctru/lib\libctru.a(archive_dev.o)
 .rodata.str1.4
                0x0010e9c0        0x8 C:/devkitPro/libctru/lib\libctru.a(archive_dev.o)
 .rodata.archive_devoptab
                0x0010e9c0       0x80 C:/devkitPro/libctru/lib\libctru.a(archive_dev.o)
 .rodata.fsInit.str1.4
                0x0010ea40        0x8 C:/devkitPro/libctru/lib\libctru.a(fs.o)
 .rodata.Zero   0x0010ea40       0x10 C:/devkitPro/devkitARM/bin/../lib/gcc/arm-none-eabi/13.2.0/../../../../arm-none-eabi/lib/armv6k/fpu\libm.a(libm_a-e_fmod.o)
 .rodata._ctype_
                0x0010ea50      0x101 C:/devkitPro/devkitARM/bin/../lib/gcc/arm-none-eabi/13.2.0/../../../../arm-none-eabi/lib/armv6k/fpu\libg.a(libc_a-ctype_.o)
                0x0010ea50                _ctype_
 .rodata.AddDevice.str1.4
                0x0010eb51        0x8 C:/devkitPro/devkitARM/bin/../lib/gcc/arm-none-eabi/13.2.0/../../../../arm-none-eabi/lib/armv6k/fpu\libsysbase.a(libsysbase_libsysbase_a-iosupport.o)
 *fill*         0x0010eb51        0x3 
 .rodata.dotab_stdnull
                0x0010eb54       0x80 C:/devkitPro/devkitARM/bin/../lib/gcc/arm-none-eabi/13.2.0/../../../../arm-none-eabi/lib/armv6k/fpu\libsysbase.a(libsysbase_libsysbase_a-iosupport.o)
                0x0010eb54                dotab_stdnull
 *all.rodata*(*)
 *(.gnu.linkonce.r*)
                0x0010ebd4                        . = ALIGN (0x4)
                0x0010ebd4                        __tdata_align = .
                0x0010ebd4        0x4 LONG 0x4 ALIGNOF (.tdata)
                0x0010ebd8                        . = ALIGN (0x4)

.eh_frame       0x0010ebd8        0x0
 .eh_frame      0x0010ebd8        0x0 C:/devkitPro/devkitARM/bin/../lib/gcc/arm-none-eabi/13.2.0/armv6k/fpu/crtbegin.o

.rel.dyn        0x0010ebd8        0x0
 .rel.iplt      0x0010ebd8        0x0 C:/devkitPro/devkitARM/bin/../lib/gcc/arm-none-eabi/13.2.0/../../../../arm-none-eabi/lib/armv6k/fpu/3dsx_crt0.o
 .rel.got       0x0010ebd8        0x0 C:/devkitPro/devkitARM/bin/../lib/gcc/arm-none-eabi/13.2.0/../../../../arm-none-eabi/lib/armv6k/fpu/3dsx_crt0.o

.ARM.extab
 *(.ARM.extab* .gnu.linkonce.armextab.*)
                0x0010ebd8                        __exidx_start = .

.ARM.exidx
 *(.ARM.exidx* .gnu.linkonce.armexidx.*)
                0x0010ebd8                        __exidx_end = .
                0x0010f000                        . = ALIGN (0x1000)

.data           0x0010f000     0x1a5c
 *(.data)
 *(.data.*)
 .data.firstConsoleInit.0
                0x0010f000        0x1 C:/devkitPro/libctru/lib\libctru.a(console.o)
 *fill*         0x0010f001        0x3 
 .data.currentConsole
                0x0010f004        0x4 C:/devkitPro/libctru/lib\libctru.a(console.o)
                0x0010f004                currentConsole
 .data.defaultConsole
                0x0010f008       0x48 C:/devkitPro/libctru/lib\libctru.a(console.o)
                0x0010f008                defaultConsole
 .data.aptChainloadDeliverArgSize
                0x0010f050        0x4 C:/devkitPro/libctru/lib\libctru.a(apt.o)
 .data.kCount   0x0010f054        0x4 C:/devkitPro/libctru/lib\libctru.a(hid.o)
 .data.kInterval
                0x0010f058        0x4 C:/devkitPro/libctru/lib\libctru.a(hid.o)
 .data.kDelay   0x0010f05c        0x4 C:/devkitPro/libctru/lib\libctru.a(hid.o)
 .data.__stacksize__
                0x0010f060        0x4 C:/devkitPro/libctru/lib\libctru.a(stack_adjust.o)
                0x0010f060                __stacksize__
 .data.__malloc_sbrk_base
                0x0010f064        0x4 C:/devkitPro/devkitARM/bin/../lib/gcc/arm-none-eabi/13.2.0/../../../../arm-none-eabi/lib/armv6k/fpu\libg.a(libc_a-mallocr.o)
                0x0010f064                __malloc_sbrk_base
 .data.__malloc_trim_threshold
                0x0010f068        0x4 C:/devkitPro/devkitARM/bin/../lib/gcc/arm-none-eabi/13.2.0/../../../../arm-none-eabi/lib/armv6k/fpu\libg.a(libc_a-mallocr.o)
                0x0010f068                __malloc_trim_threshold
 *fill*         0x0010f06c        0x4 
 .data.__malloc_av_
                0x0010f070      0x408 C:/devkitPro/devkitARM/bin/../lib/gcc/arm-none-eabi/13.2.0/../../../../arm-none-eabi/lib/armv6k/fpu\libg.a(libc_a-mallocr.o)
                0x0010f070                __malloc_av_
 .data.__sglue  0x0010f478        0xc C:/devkitPro/devkitARM/bin/../lib/gcc/arm-none-eabi/13.2.0/../../../../arm-none-eabi/lib/armv6k/fpu\libg.a(libc_a-findfp.o)
                0x0010f478                __sglue
 .data._impure_ptr
                0x0010f484        0x4 C:/devkitPro/devkitARM/bin/../lib/gcc/arm-none-eabi/13.2.0/../../../../arm-none-eabi/lib/armv6k/fpu\libg.a(libc_a-impure.o)
                0x0010f484                _impure_ptr
 .data._impure_data
                0x0010f488      0x120 C:/devkitPro/devkitARM/bin/../lib/gcc/arm-none-eabi/13.2.0/../../../../arm-none-eabi/lib/armv6k/fpu\libg.a(libc_a-impure.o)
                0x0010f488                _impure_data
 .data._current_working_directory
                0x0010f5a8      0x400 C:/devkitPro/devkitARM/bin/../lib/gcc/arm-none-eabi/13.2.0/../../../../arm-none-eabi/lib/armv6k/fpu\libsysbase.a(libsysbase_libsysbase_a-chdir.o)
 .data.handles  0x0010f9a8     0x1000 C:/devkitPro/devkitARM/bin/../lib/gcc/arm-none-eabi/13.2.0/../../../../arm-none-eabi/lib/armv6k/fpu\libsysbase.a(libsysbase_libsysbase_a-handle_manager.o)
 .data.__stderr_handle
                0x001109a8        0xc C:/devkitPro/devkitARM/bin/../lib/gcc/arm-none-eabi/13.2.0/../../../../arm-none-eabi/lib/armv6k/fpu\libsysbase.a(libsysbase_libsysbase_a-handle_manager.o)
 .data.__stdout_handle
                0x001109b4        0xc C:/devkitPro/devkitARM/bin/../lib/gcc/arm-none-eabi/13.2.0/../../../../arm-none-eabi/lib/armv6k/fpu\libsysbase.a(libsysbase_libsysbase_a-handle_manager.o)
 .data.__stdin_handle
                0x001109c0        0xc C:/devkitPro/devkitARM/bin/../lib/gcc/arm-none-eabi/13.2.0/../../../../arm-none-eabi/lib/armv6k/fpu\libsysbase.a(libsysbase_libsysbase_a-handle_manager.o)
 .data.devoptab_list
                0x001109cc       0x8c C:/devkitPro/devkitARM/bin/../lib/gcc/arm-none-eabi/13.2.0/../../../../arm-none-eabi/lib/armv6k/fpu\libsysbase.a(libsysbase_libsysbase_a-iosupport.o)
                0x001109cc                devoptab_list
 .data.defaultDevice
                0x00110a58        0x4 C:/devkitPro/devkitARM/bin/../lib/gcc/arm-none-eabi/13.2.0/../../../../arm-none-eabi/lib/armv6k/fpu\libsysbase.a(libsysbase_libsysbase_a-iosupport.o)
 *(.gnu.linkonce.d*)
                0x00110a5c                        . = ALIGN (0x4)

.igot.plt       0x00110a5c        0x0
 .igot.plt      0x00110a5c        0x0 C:/devkitPro/devkitARM/bin/../lib/gcc/arm-none-eabi/13.2.0/../../../../arm-none-eabi/lib/armv6k/fpu/3dsx_crt0.o

.got            0x00110a5c        0x8
 .got           0x00110a5c        0x8 C:/devkitPro/devkitARM/bin/../lib/gcc/arm-none-eabi/13.2.0/../../../../arm-none-eabi/lib/armv6k/fpu/3dsx_crt0.o

.got.plt        0x00110a64        0xc
 .got.plt       0x00110a64        0xc C:/devkitPro/devkitARM/bin/../lib/gcc/arm-none-eabi/13.2.0/../../../../arm-none-eabi/lib/armv6k/fpu/3dsx_crt0.o
                0x00110a64                _GLOBAL_OFFSET_TABLE_

.tdata          0x00110a70        0x0
                0x00110a70                        __tdata_lma = .
 *(.tdata)
 *(.tdata.*)
 *(.gnu.linkonce.td.*)
                0x00110a70                        . = ALIGN (0x4)
                0x00110a70                        __tdata_lma_end = .

.tbss           0x00110a70      0xc08
 *(.tbss)
 *(.tbss.*)
 .tbss.__ctru_dev_utf16_buf
                0x00110a70      0x802 C:/devkitPro/libctru/lib\libctru.a(path_buf.o)
                0x00110a70                __ctru_dev_utf16_buf
 *fill*         0x00111272        0x2 
 .tbss.__ctru_dev_path_buf
                0x00111274      0x401 C:/devkitPro/libctru/lib\libctru.a(path_buf.o)
                0x00111274                __ctru_dev_path_buf
 *(.gnu.linkonce.tb.*)
 *(.tcommon)
                0x00111678                        . = ALIGN (0x4)
 *fill*         0x00111675        0x3 

.preinit_array  0x00110a70        0x0
                0x00110a70                        PROVIDE (__preinit_array_start = .)
 *(.preinit_array)
                0x00110a70                        PROVIDE (__preinit_array_end = .)

.init_array     0x00110a70        0x4
                0x00110a70                        PROVIDE (__init_array_start = .)
 *(SORT_BY_NAME(.init_array.*))
 *(.init_array)
 .init_array    0x00110a70        0x4 C:/devkitPro/devkitARM/bin/../lib/gcc/arm-none-eabi/13.2.0/armv6k/fpu/crtbegin.o
                0x00110a74                        PROVIDE (__init_array_end = .)

.fini_array     0x00110a74        0x4
                0x00110a74                        PROVIDE (__fini_array_start = .)
 *(.fini_array)
 .fini_array    0x00110a74        0x4 C:/devkitPro/devkitARM/bin/../lib/gcc/arm-none-eabi/13.2.0/armv6k/fpu/crtbegin.o
 *(SORT_BY_NAME(.fini_array.*))
                0x00110a78                        PROVIDE (__fini_array_end = .)

.ctors
 *crtbegin.o(.ctors)
 *(EXCLUDE_FILE(*crtend.o) .ctors)
 *(SORT_BY_NAME(.ctors.*))
 *(.ctors)

.dtors
 *crtbegin.o(.dtors)
 *(EXCLUDE_FILE(*crtend.o) .dtors)
 *(SORT_BY_NAME(.dtors.*))
 *(.dtors)
                0x00110a78                        __bss_start__ = .

.bss            0x00110a78     0x2dec
 *(.dynbss)
 *(.bss)
 .bss           0x00110a78        0x8 main.o
                0x00110a78                animating
                0x00110a7c                direction
 *(.bss.*)
 .bss.completed.1
                0x00110a80        0x1 C:/devkitPro/devkitARM/bin/../lib/gcc/arm-none-eabi/13.2.0/armv6k/fpu/crtbegin.o
 *fill*         0x00110a81        0x3 
 .bss.object.0  0x00110a84       0x18 C:/devkitPro/devkitARM/bin/../lib/gcc/arm-none-eabi/13.2.0/armv6k/fpu/crtbegin.o
 .bss.escapeSeq
                0x00110a9c       0x1c C:/devkitPro/libctru/lib\libctru.a(console.o)
 .bss.currentCopy
                0x00110ab8       0x48 C:/devkitPro/libctru/lib\libctru.a(console.o)
                0x00110ab8                currentCopy
 .bss.screenAlloc
                0x00110b00        0x4 C:/devkitPro/libctru/lib\libctru.a(gfx.o)
 .bss.screenFree
                0x00110b04        0x4 C:/devkitPro/libctru/lib\libctru.a(gfx.o)
 .bss.gfxIsDoubleBuf
                0x00110b08        0x2 C:/devkitPro/libctru/lib\libctru.a(gfx.o)
 *fill*         0x00110b0a        0x2 
 .bss.gfxCurBuf
                0x00110b0c        0x2 C:/devkitPro/libctru/lib\libctru.a(gfx.o)
 .bss.gfxIsVram
                0x00110b0e        0x1 C:/devkitPro/libctru/lib\libctru.a(gfx.o)
 .bss.gfxTopMode
                0x00110b0f        0x1 C:/devkitPro/libctru/lib\libctru.a(gfx.o)
 .bss.gfxFramebufferFormats
                0x00110b10        0x2 C:/devkitPro/libctru/lib\libctru.a(gfx.o)
 *fill*         0x00110b12        0x2 
 .bss.gfxBottomFramebufferMaxSize
                0x00110b14        0x4 C:/devkitPro/libctru/lib\libctru.a(gfx.o)
 .bss.gfxTopFramebufferMaxSize
                0x00110b18        0x4 C:/devkitPro/libctru/lib\libctru.a(gfx.o)
 *fill*         0x00110b1c        0x4 
 .bss.gfxBottomFramebuffers
                0x00110b20        0x8 C:/devkitPro/libctru/lib\libctru.a(gfx.o)
 .bss.gfxTopFramebuffers
                0x00110b28        0x8 C:/devkitPro/libctru/lib\libctru.a(gfx.o)
 .bss.flagValue.0
                0x00110b30        0x1 C:/devkitPro/libctru/lib\libctru.a(apt.o)
 .bss.flagInit.1
                0x00110b31        0x1 C:/devkitPro/libctru/lib\libctru.a(apt.o)
 *fill*         0x00110b32        0x2 
 .bss.serviceName.6
                0x00110b34        0x4 C:/devkitPro/libctru/lib\libctru.a(apt.o)
 .bss.aptChainloadFlags
                0x00110b38        0x1 C:/devkitPro/libctru/lib\libctru.a(apt.o)
 .bss.aptChainloadMediatype
                0x00110b39        0x1 C:/devkitPro/libctru/lib\libctru.a(apt.o)
 *fill*         0x00110b3a        0x2 
 .bss.aptChainloadHmac
                0x00110b3c       0x20 C:/devkitPro/libctru/lib\libctru.a(apt.o)
 .bss.aptChainloadDeliverArg
                0x00110b5c      0x300 C:/devkitPro/libctru/lib\libctru.a(apt.o)
 *fill*         0x00110e5c        0x4 
 .bss.aptChainloadTid
                0x00110e60        0x8 C:/devkitPro/libctru/lib\libctru.a(apt.o)
 .bss.aptParameters
                0x00110e68     0x1000 C:/devkitPro/libctru/lib\libctru.a(apt.o)
 .bss.aptFlags  0x00111e68        0x4 C:/devkitPro/libctru/lib\libctru.a(apt.o)
 .bss.aptHomeButtonState
                0x00111e6c        0x1 C:/devkitPro/libctru/lib\libctru.a(apt.o)
 *fill*         0x00111e6d        0x3 
 .bss.aptMessageFuncData
                0x00111e70        0x4 C:/devkitPro/libctru/lib\libctru.a(apt.o)
 .bss.aptMessageFunc
                0x00111e74        0x4 C:/devkitPro/libctru/lib\libctru.a(apt.o)
 .bss.aptFirstHook
                0x00111e78        0xc C:/devkitPro/libctru/lib\libctru.a(apt.o)
 .bss.aptEventHandlerThreadQuit
                0x00111e84        0x1 C:/devkitPro/libctru/lib\libctru.a(apt.o)
 *fill*         0x00111e85        0x3 
 .bss.aptEventHandlerThread
                0x00111e88        0x4 C:/devkitPro/libctru/lib\libctru.a(apt.o)
 .bss.aptSleepEvent
                0x00111e8c        0x8 C:/devkitPro/libctru/lib\libctru.a(apt.o)
 .bss.aptReceiveEvent
                0x00111e94        0x8 C:/devkitPro/libctru/lib\libctru.a(apt.o)
 .bss.aptEvents
                0x00111e9c        0x8 C:/devkitPro/libctru/lib\libctru.a(apt.o)
 .bss.aptLockHandle
                0x00111ea4        0x4 C:/devkitPro/libctru/lib\libctru.a(apt.o)
 .bss.aptRefCount
                0x00111ea8        0x4 C:/devkitPro/libctru/lib\libctru.a(apt.o)
 .bss.gspEventCbOneShot
                0x00111eac        0x7 C:/devkitPro/libctru/lib\libctru.a(gspgpu.o)
 *fill*         0x00111eb3        0x1 
 .bss.gspEventCbData
                0x00111eb4       0x1c C:/devkitPro/libctru/lib\libctru.a(gspgpu.o)
 .bss.gspEventCb
                0x00111ed0       0x1c C:/devkitPro/libctru/lib\libctru.a(gspgpu.o)
 .bss.gspEvents
                0x00111eec       0x38 C:/devkitPro/libctru/lib\libctru.a(gspgpu.o)
 .bss.gspLastEvent
                0x00111f24        0x4 C:/devkitPro/libctru/lib\libctru.a(gspgpu.o)
 .bss.gspRunEvents
                0x00111f28        0x1 C:/devkitPro/libctru/lib\libctru.a(gspgpu.o)
 *fill*         0x00111f29        0x3 
 .bss.gspEventThread
                0x00111f2c        0x4 C:/devkitPro/libctru/lib\libctru.a(gspgpu.o)
 .bss.gspEvent  0x00111f30        0x4 C:/devkitPro/libctru/lib\libctru.a(gspgpu.o)
 .bss.gspGpuRight
                0x00111f34        0x1 C:/devkitPro/libctru/lib\libctru.a(gspgpu.o)
 .bss.gspThreadId
                0x00111f35        0x1 C:/devkitPro/libctru/lib\libctru.a(gspgpu.o)
 *fill*         0x00111f36        0x2 
 .bss.gspSharedMem
                0x00111f38        0x4 C:/devkitPro/libctru/lib\libctru.a(gspgpu.o)
 .bss.gspSharedMemHandle
                0x00111f3c        0x4 C:/devkitPro/libctru/lib\libctru.a(gspgpu.o)
 .bss.gspRefCount
                0x00111f40        0x4 C:/devkitPro/libctru/lib\libctru.a(gspgpu.o)
 .bss.gspGpuHandle
                0x00111f44        0x4 C:/devkitPro/libctru/lib\libctru.a(gspgpu.o)
 .bss.usingIrrst
                0x00111f48        0x1 C:/devkitPro/libctru/lib\libctru.a(hid.o)
 *fill*         0x00111f49        0x3 
 .bss.hidRefCount
                0x00111f4c        0x4 C:/devkitPro/libctru/lib\libctru.a(hid.o)
 .bss.gRate     0x00111f50        0x6 C:/devkitPro/libctru/lib\libctru.a(hid.o)
 *fill*         0x00111f56        0x2 
 .bss.aVec      0x00111f58        0x6 C:/devkitPro/libctru/lib\libctru.a(hid.o)
 *fill*         0x00111f5e        0x2 
 .bss.cPos      0x00111f60        0x4 C:/devkitPro/libctru/lib\libctru.a(hid.o)
 .bss.tPos      0x00111f64        0x4 C:/devkitPro/libctru/lib\libctru.a(hid.o)
 .bss.kRepeat   0x00111f68        0x4 C:/devkitPro/libctru/lib\libctru.a(hid.o)
 .bss.kUp       0x00111f6c        0x4 C:/devkitPro/libctru/lib\libctru.a(hid.o)
 .bss.kDown     0x00111f70        0x4 C:/devkitPro/libctru/lib\libctru.a(hid.o)
 .bss.kHeld     0x00111f74        0x4 C:/devkitPro/libctru/lib\libctru.a(hid.o)
 .bss.kOld      0x00111f78        0x4 C:/devkitPro/libctru/lib\libctru.a(hid.o)
 .bss.hidSharedMem
                0x00111f7c        0x4 C:/devkitPro/libctru/lib\libctru.a(hid.o)
                0x00111f7c                hidSharedMem
 .bss.hidEvents
                0x00111f80       0x14 C:/devkitPro/libctru/lib\libctru.a(hid.o)
                0x00111f80                hidEvents
 .bss.hidMemHandle
                0x00111f94        0x4 C:/devkitPro/libctru/lib\libctru.a(hid.o)
                0x00111f94                hidMemHandle
 .bss.hidHandle
                0x00111f98        0x4 C:/devkitPro/libctru/lib\libctru.a(hid.o)
                0x00111f98                hidHandle
 .bss.irrstRefCount
                0x00111f9c        0x4 C:/devkitPro/libctru/lib\libctru.a(irrst.o)
 .bss.csPos     0x00111fa0        0x4 C:/devkitPro/libctru/lib\libctru.a(irrst.o)
 .bss.kHeld     0x00111fa4        0x4 C:/devkitPro/libctru/lib\libctru.a(irrst.o)
 .bss.irrstSharedMem
                0x00111fa8        0x4 C:/devkitPro/libctru/lib\libctru.a(irrst.o)
                0x00111fa8                irrstSharedMem
 .bss.irrstEvent
                0x00111fac        0x4 C:/devkitPro/libctru/lib\libctru.a(irrst.o)
                0x00111fac                irrstEvent
 .bss.irrstMemHandle
                0x00111fb0        0x4 C:/devkitPro/libctru/lib\libctru.a(irrst.o)
                0x00111fb0                irrstMemHandle
 .bss.irrstHandle
                0x00111fb4        0x4 C:/devkitPro/libctru/lib\libctru.a(irrst.o)
                0x00111fb4                irrstHandle
 .bss.__system_retAddr
                0x00111fb8        0x4 C:/devkitPro/libctru/lib\libctru.a(ctru_init.o)
                0x00111fb8                __system_retAddr
 .bss.__system_argv
                0x00111fbc        0x4 C:/devkitPro/libctru/lib\libctru.a(initArgv.o)
                0x00111fbc                __system_argv
 .bss.__system_argc
                0x00111fc0        0x4 C:/devkitPro/libctru/lib\libctru.a(initArgv.o)
                0x00111fc0                __system_argc
 .bss.saved_stack.42
                0x00111fc4        0x8 C:/devkitPro/libctru/lib\libctru.a(stack_adjust.o)
 *fill*         0x00111fcc        0x4 
 .bss._ZL11sLinearPool
                0x00111fd0        0x8 C:/devkitPro/libctru/lib\libctru.a(linear.o)
 .bss._ZL8sAddrMap
                0x00111fd8        0xc C:/devkitPro/libctru/lib\libctru.a(linear.o)
 *fill*         0x00111fe4        0x4 
 .bss._ZL10sVramPoolB
                0x00111fe8        0x8 C:/devkitPro/libctru/lib\libctru.a(vram.o)
 .bss._ZL10sVramPoolA
                0x00111ff0        0x8 C:/devkitPro/libctru/lib\libctru.a(vram.o)
 .bss._ZL8sAddrMap
                0x00111ff8        0xc C:/devkitPro/libctru/lib\libctru.a(vram.o)
 .bss.__3dslink_host
                0x00112004        0x4 C:/devkitPro/libctru/lib\libctru.a(3dslink.o)
                0x00112004                __3dslink_host
 .bss.__ctru_speedup
                0x00112008        0x1 C:/devkitPro/libctru/lib\libctru.a(os.o)
                0x00112008                __ctru_speedup
 *fill*         0x00112009        0x3 
 .bss.srvRefCount
                0x0011200c        0x4 C:/devkitPro/libctru/lib\libctru.a(srv.o)
 .bss.srvHandle
                0x00112010        0x4 C:/devkitPro/libctru/lib\libctru.a(srv.o)
 .bss.arbiter   0x00112014        0x4 C:/devkitPro/libctru/lib\libctru.a(synchronization.o)
 .bss.currentAddr
                0x00112018        0x4 C:/devkitPro/libctru/lib\libctru.a(mappable.o)
 .bss.maxAddr   0x0011201c        0x4 C:/devkitPro/libctru/lib\libctru.a(mappable.o)
 .bss.minAddr   0x00112020        0x4 C:/devkitPro/libctru/lib\libctru.a(mappable.o)
 .bss.ptmSysmRefCount
                0x00112024        0x4 C:/devkitPro/libctru/lib\libctru.a(ptmsysm.o)
 .bss.ptmSysmHandle
                0x00112028        0x4 C:/devkitPro/libctru/lib\libctru.a(ptmsysm.o)
 .bss.srvPmHandle
                0x0011202c        0x4 C:/devkitPro/libctru/lib\libctru.a(srvpm.o)
 .bss.__ctru_linear_heap_size
                0x00112030        0x4 C:/devkitPro/libctru/lib\libctru.a(allocateHeaps.o)
                0x00112030                __ctru_linear_heap_size
 .bss.__ctru_heap_size
                0x00112034        0x4 C:/devkitPro/libctru/lib\libctru.a(allocateHeaps.o)
                0x00112034                __ctru_heap_size
 .bss.__ctru_linear_heap
                0x00112038        0x4 C:/devkitPro/libctru/lib\libctru.a(allocateHeaps.o)
                0x00112038                __ctru_linear_heap
 .bss.__ctru_heap
                0x0011203c        0x4 C:/devkitPro/libctru/lib\libctru.a(allocateHeaps.o)
                0x0011203c                __ctru_heap
 .bss.archive_devices
                0x00112040      0x5c0 C:/devkitPro/libctru/lib\libctru.a(archive_dev.o)
 .bss.archive_device_cwd
                0x00112600        0x4 C:/devkitPro/libctru/lib\libctru.a(archive_dev.o)
 .bss.archive_initialized
                0x00112604        0x1 C:/devkitPro/libctru/lib\libctru.a(archive_dev.o)
 *fill*         0x00112605        0x3 
 .bss.fsExemptArchives
                0x00112608       0x80 C:/devkitPro/libctru/lib\libctru.a(fs.o)
 .bss.fsuRefCount
                0x00112688        0x4 C:/devkitPro/libctru/lib\libctru.a(fs.o)
 .bss.fsuHandle
                0x0011268c        0x4 C:/devkitPro/libctru/lib\libctru.a(fs.o)
 .bss.__malloc_current_mallinfo
                0x00112690       0x28 C:/devkitPro/devkitARM/bin/../lib/gcc/arm-none-eabi/13.2.0/../../../../arm-none-eabi/lib/armv6k/fpu\libg.a(libc_a-mallocr.o)
                0x00112690                __malloc_current_mallinfo
 .bss.__malloc_max_total_mem
                0x001126b8        0x4 C:/devkitPro/devkitARM/bin/../lib/gcc/arm-none-eabi/13.2.0/../../../../arm-none-eabi/lib/armv6k/fpu\libg.a(libc_a-mallocr.o)
                0x001126b8                __malloc_max_total_mem
 .bss.__malloc_max_sbrked_mem
                0x001126bc        0x4 C:/devkitPro/devkitARM/bin/../lib/gcc/arm-none-eabi/13.2.0/../../../../arm-none-eabi/lib/armv6k/fpu\libg.a(libc_a-mallocr.o)
                0x001126bc                __malloc_max_sbrked_mem
 .bss.__malloc_top_pad
                0x001126c0        0x4 C:/devkitPro/devkitARM/bin/../lib/gcc/arm-none-eabi/13.2.0/../../../../arm-none-eabi/lib/armv6k/fpu\libg.a(libc_a-mallocr.o)
                0x001126c0                __malloc_top_pad
 .bss.__malloc_recursive_mutex
                0x001126c4        0xc C:/devkitPro/devkitARM/bin/../lib/gcc/arm-none-eabi/13.2.0/../../../../arm-none-eabi/lib/armv6k/fpu\libg.a(libc_a-mlock.o)
 .bss.__sfp_recursive_mutex
                0x001126d0        0xc C:/devkitPro/devkitARM/bin/../lib/gcc/arm-none-eabi/13.2.0/../../../../arm-none-eabi/lib/armv6k/fpu\libg.a(libc_a-findfp.o)
 *fill*         0x001126dc        0x4 
 .bss.__sf      0x001126e0      0x168 C:/devkitPro/devkitARM/bin/../lib/gcc/arm-none-eabi/13.2.0/../../../../arm-none-eabi/lib/armv6k/fpu\libg.a(libc_a-findfp.o)
                0x001126e0                __sf
 .bss.__stdio_exit_handler
                0x00112848        0x4 C:/devkitPro/devkitARM/bin/../lib/gcc/arm-none-eabi/13.2.0/../../../../arm-none-eabi/lib/armv6k/fpu\libg.a(libc_a-findfp.o)
                0x00112848                __stdio_exit_handler
 .bss.temp_cwd  0x0011284c      0x400 C:/devkitPro/devkitARM/bin/../lib/gcc/arm-none-eabi/13.2.0/../../../../arm-none-eabi/lib/armv6k/fpu\libsysbase.a(libsysbase_libsysbase_a-chdir.o)
 .bss.__hndl_lock
                0x00112c4c        0x4 C:/devkitPro/devkitARM/bin/../lib/gcc/arm-none-eabi/13.2.0/../../../../arm-none-eabi/lib/armv6k/fpu\libsysbase.a(libsysbase_libsysbase_a-handle_manager.o)
 .bss.fake_heap_start
                0x00112c50        0x4 C:/devkitPro/devkitARM/bin/../lib/gcc/arm-none-eabi/13.2.0/../../../../arm-none-eabi/lib/armv6k/fpu\libsysbase.a(libsysbase_libsysbase_a-malloc_vars.o)
                0x00112c50                fake_heap_start
 .bss.fake_heap_end
                0x00112c54        0x4 C:/devkitPro/devkitARM/bin/../lib/gcc/arm-none-eabi/13.2.0/../../../../arm-none-eabi/lib/armv6k/fpu\libsysbase.a(libsysbase_libsysbase_a-malloc_vars.o)
                0x00112c54                fake_heap_end
 .bss.heap_start.0
                0x00112c58        0x4 C:/devkitPro/devkitARM/bin/../lib/gcc/arm-none-eabi/13.2.0/../../../../arm-none-eabi/lib/armv6k/fpu\libsysbase.a(libsysbase_libsysbase_a-sbrk.o)
 *(.gnu.linkonce.b*)
 *(COMMON)
                0x00112c5c                        . = (0x8 + ABSOLUTE (ALIGN (ABSOLUTE ((. - 0x8)), ALIGNOF (.tdata))))
                0x00112c5c                        __tls_start = .
                0x00112c5c                        . = (. + SIZEOF (.tdata))
                0x00112c5c                        . = ALIGN (ALIGNOF (.tbss))
                0x00113864                        . = (. + SIZEOF (.tbss))
 *fill*         0x00112c5c      0xc08 
                0x00113864                        __tls_end = .
                0x00113864                        __bss_end__ = .
                0x00113864                        __end__ = ABSOLUTE (.)

/DISCARD/
 *(.group .comment .note)

.stab
 *(.stab)

.stabstr
 *(.stabstr)

.stab.excl
 *(.stab.excl)

.stab.exclstr
 *(.stab.exclstr)

.stab.index
 *(.stab.index)

.stab.indexstr
 *(.stab.indexstr)

.debug
 *(.debug)

.line
 *(.line)

.debug_srcinfo
 *(.debug_srcinfo)

.debug_sfnames
 *(.debug_sfnames)

.debug_aranges  0x00000000     0x1690
 *(.debug_aranges)
 .debug_aranges
                0x00000000       0x30 main.o
 .debug_aranges
                0x00000030       0x88 C:/devkitPro/libctru/lib\libctru.a(console.o)
 .debug_aranges
                0x000000b8       0xa0 C:/devkitPro/libctru/lib\libctru.a(gfx.o)
 .debug_aranges
                0x00000158      0x268 C:/devkitPro/libctru/lib\libctru.a(apt.o)
 .debug_aranges
                0x000003c0      0x108 C:/devkitPro/libctru/lib\libctru.a(gspgpu.o)
 .debug_aranges
                0x000004c8       0xd0 C:/devkitPro/libctru/lib\libctru.a(hid.o)
 .debug_aranges
                0x00000598       0x68 C:/devkitPro/libctru/lib\libctru.a(irrst.o)
 .debug_aranges
                0x00000600       0x20 C:/devkitPro/libctru/lib\libctru.a(ctru_init.o)
 .debug_aranges
                0x00000620       0x20 C:/devkitPro/libctru/lib\libctru.a(initArgv.o)
 .debug_aranges
                0x00000640       0xe0 C:/devkitPro/libctru/lib\libctru.a(syscalls.o)
 .debug_aranges
                0x00000720      0x330 C:/devkitPro/libctru/lib\libctru.a(svc.o)
 .debug_aranges
                0x00000a50       0x28 C:/devkitPro/libctru/lib\libctru.a(stack_adjust.o)
 .debug_aranges
                0x00000a78       0x58 C:/devkitPro/libctru/lib\libctru.a(linear.o)
 .debug_aranges
                0x00000ad0       0x38 C:/devkitPro/libctru/lib\libctru.a(mem_pool.o)
 .debug_aranges
                0x00000b08       0x68 C:/devkitPro/libctru/lib\libctru.a(vram.o)
 .debug_aranges
                0x00000b70       0x20 C:/devkitPro/libctru/lib\libctru.a(3dslink.o)
 .debug_aranges
                0x00000b90       0x28 C:/devkitPro/libctru/lib\libctru.a(env.o)
 .debug_aranges
                0x00000bb8       0x58 C:/devkitPro/libctru/lib\libctru.a(os.o)
 .debug_aranges
                0x00000c10       0xc0 C:/devkitPro/libctru/lib\libctru.a(srv.o)
 .debug_aranges
                0x00000cd0       0xf0 C:/devkitPro/libctru/lib\libctru.a(synchronization.o)
 .debug_aranges
                0x00000dc0       0x60 C:/devkitPro/libctru/lib\libctru.a(thread.o)
 .debug_aranges
                0x00000e20       0x38 C:/devkitPro/libctru/lib\libctru.a(mappable.o)
 .debug_aranges
                0x00000e58       0xa0 C:/devkitPro/libctru/lib\libctru.a(ptmsysm.o)
 .debug_aranges
                0x00000ef8       0x50 C:/devkitPro/libctru/lib\libctru.a(srvpm.o)
 .debug_aranges
                0x00000f48       0x20 C:/devkitPro/libctru/lib\libctru.a(rbtree_find.o)
 .debug_aranges
                0x00000f68       0x20 C:/devkitPro/libctru/lib\libctru.a(rbtree_init.o)
 .debug_aranges
                0x00000f88       0x30 C:/devkitPro/libctru/lib\libctru.a(rbtree_insert.o)
 .debug_aranges
                0x00000fb8       0x20 C:/devkitPro/libctru/lib\libctru.a(rbtree_remove.o)
 .debug_aranges
                0x00000fd8       0x20 C:/devkitPro/libctru/lib\libctru.a(rbtree_rotate.o)
 .debug_aranges
                0x00000ff8       0x20 C:/devkitPro/libctru/lib\libctru.a(allocateHeaps.o)
 .debug_aranges
                0x00001018       0x20 C:/devkitPro/libctru/lib\libctru.a(appExit.o)
 .debug_aranges
                0x00001038       0x20 C:/devkitPro/libctru/lib\libctru.a(appInit.o)
 .debug_aranges
                0x00001058       0x20 C:/devkitPro/libctru/lib\libctru.a(ctru_exit.o)
 .debug_aranges
                0x00001078      0x140 C:/devkitPro/libctru/lib\libctru.a(archive_dev.o)
 .debug_aranges
                0x000011b8       0x18 C:/devkitPro/libctru/lib\libctru.a(path_buf.o)
 .debug_aranges
                0x000011d0      0x3b8 C:/devkitPro/libctru/lib\libctru.a(fs.o)
 .debug_aranges
                0x00001588       0x28 C:/devkitPro/libctru/lib\libctru.a(rbtree_iterator.o)
 .debug_aranges
                0x000015b0       0x20 C:/devkitPro/libctru/lib\libctru.a(decode_utf8.o)
 .debug_aranges
                0x000015d0       0x20 C:/devkitPro/libctru/lib\libctru.a(utf16_to_utf8.o)
 .debug_aranges
                0x000015f0       0x20 C:/devkitPro/libctru/lib\libctru.a(utf8_to_utf16.o)
 .debug_aranges
                0x00001610       0x20 C:/devkitPro/libctru/lib\libctru.a(readtp.o)
 .debug_aranges
                0x00001630       0x20 C:/devkitPro/libctru/lib\libctru.a(decode_utf16.o)
 .debug_aranges
                0x00001650       0x20 C:/devkitPro/libctru/lib\libctru.a(encode_utf16.o)
 .debug_aranges
                0x00001670       0x20 C:/devkitPro/libctru/lib\libctru.a(encode_utf8.o)

.debug_pubnames
 *(.debug_pubnames)

.debug_info     0x00000000    0x2e0c5
 *(.debug_info)
 .debug_info    0x00000000      0xced main.o
 .debug_info    0x00000ced     0x21f3 C:/devkitPro/libctru/lib\libctru.a(console.o)
 .debug_info    0x00002ee0      0xcfb C:/devkitPro/libctru/lib\libctru.a(gfx.o)
 .debug_info    0x00003bdb     0x5593 C:/devkitPro/libctru/lib\libctru.a(apt.o)
 .debug_info    0x0000916e     0x5c04 C:/devkitPro/libctru/lib\libctru.a(gspgpu.o)
 .debug_info    0x0000ed72     0x13d8 C:/devkitPro/libctru/lib\libctru.a(hid.o)
 .debug_info    0x0001014a      0xafc C:/devkitPro/libctru/lib\libctru.a(irrst.o)
 .debug_info    0x00010c46      0x185 C:/devkitPro/libctru/lib\libctru.a(ctru_init.o)
 .debug_info    0x00010dcb      0x2bc C:/devkitPro/libctru/lib\libctru.a(initArgv.o)
 .debug_info    0x00011087     0x1765 C:/devkitPro/libctru/lib\libctru.a(syscalls.o)
 .debug_info    0x000127ec       0x23 C:/devkitPro/libctru/lib\libctru.a(svc.o)
 .debug_info    0x0001280f       0x23 C:/devkitPro/libctru/lib\libctru.a(stack_adjust.o)
 .debug_info    0x00012832     0x1155 C:/devkitPro/libctru/lib\libctru.a(linear.o)
 .debug_info    0x00013987     0x1001 C:/devkitPro/libctru/lib\libctru.a(mem_pool.o)
 .debug_info    0x00014988     0x173a C:/devkitPro/libctru/lib\libctru.a(vram.o)
 .debug_info    0x000160c2      0xa42 C:/devkitPro/libctru/lib\libctru.a(3dslink.o)
 .debug_info    0x00016b04      0x2a9 C:/devkitPro/libctru/lib\libctru.a(env.o)
 .debug_info    0x00016dad      0x6cc C:/devkitPro/libctru/lib\libctru.a(os.o)
 .debug_info    0x00017479     0x1af2 C:/devkitPro/libctru/lib\libctru.a(srv.o)
 .debug_info    0x00018f6b     0x2956 C:/devkitPro/libctru/lib\libctru.a(synchronization.o)
 .debug_info    0x0001b8c1     0x1152 C:/devkitPro/libctru/lib\libctru.a(thread.o)
 .debug_info    0x0001ca13      0x36d C:/devkitPro/libctru/lib\libctru.a(mappable.o)
 .debug_info    0x0001cd80      0xb06 C:/devkitPro/libctru/lib\libctru.a(ptmsysm.o)
 .debug_info    0x0001d886      0x872 C:/devkitPro/libctru/lib\libctru.a(srvpm.o)
 .debug_info    0x0001e0f8      0x1e0 C:/devkitPro/libctru/lib\libctru.a(rbtree_find.o)
 .debug_info    0x0001e2d8      0x17c C:/devkitPro/libctru/lib\libctru.a(rbtree_init.o)
 .debug_info    0x0001e454      0x667 C:/devkitPro/libctru/lib\libctru.a(rbtree_insert.o)
 .debug_info    0x0001eabb      0x960 C:/devkitPro/libctru/lib\libctru.a(rbtree_remove.o)
 .debug_info    0x0001f41b      0x358 C:/devkitPro/libctru/lib\libctru.a(rbtree_rotate.o)
 .debug_info    0x0001f773      0x529 C:/devkitPro/libctru/lib\libctru.a(allocateHeaps.o)
 .debug_info    0x0001fc9c      0x13d C:/devkitPro/libctru/lib\libctru.a(appExit.o)
 .debug_info    0x0001fdd9      0x148 C:/devkitPro/libctru/lib\libctru.a(appInit.o)
 .debug_info    0x0001ff21      0x2b7 C:/devkitPro/libctru/lib\libctru.a(ctru_exit.o)
 .debug_info    0x000201d8     0x42b1 C:/devkitPro/libctru/lib\libctru.a(archive_dev.o)
 .debug_info    0x00024489       0xd7 C:/devkitPro/libctru/lib\libctru.a(path_buf.o)
 .debug_info    0x00024560     0x8f48 C:/devkitPro/libctru/lib\libctru.a(fs.o)
 .debug_info    0x0002d4a8      0x351 C:/devkitPro/libctru/lib\libctru.a(rbtree_iterator.o)
 .debug_info    0x0002d7f9      0x158 C:/devkitPro/libctru/lib\libctru.a(decode_utf8.o)
 .debug_info    0x0002d951      0x205 C:/devkitPro/libctru/lib\libctru.a(utf16_to_utf8.o)
 .debug_info    0x0002db56      0x205 C:/devkitPro/libctru/lib\libctru.a(utf8_to_utf16.o)
 .debug_info    0x0002dd5b       0x24 C:/devkitPro/libctru/lib\libctru.a(readtp.o)
 .debug_info    0x0002dd7f      0x134 C:/devkitPro/libctru/lib\libctru.a(decode_utf16.o)
 .debug_info    0x0002deb3      0x109 C:/devkitPro/libctru/lib\libctru.a(encode_utf16.o)
 .debug_info    0x0002dfbc      0x109 C:/devkitPro/libctru/lib\libctru.a(encode_utf8.o)

.debug_abbrev   0x00000000     0x72a5
 *(.debug_abbrev)
 .debug_abbrev  0x00000000      0x35b main.o
 .debug_abbrev  0x0000035b      0x5df C:/devkitPro/libctru/lib\libctru.a(console.o)
 .debug_abbrev  0x0000093a      0x389 C:/devkitPro/libctru/lib\libctru.a(gfx.o)
 .debug_abbrev  0x00000cc3      0x763 C:/devkitPro/libctru/lib\libctru.a(apt.o)
 .debug_abbrev  0x00001426      0x62a C:/devkitPro/libctru/lib\libctru.a(gspgpu.o)
 .debug_abbrev  0x00001a50      0x516 C:/devkitPro/libctru/lib\libctru.a(hid.o)
 .debug_abbrev  0x00001f66      0x38b C:/devkitPro/libctru/lib\libctru.a(irrst.o)
 .debug_abbrev  0x000022f1      0x129 C:/devkitPro/libctru/lib\libctru.a(ctru_init.o)
 .debug_abbrev  0x0000241a      0x198 C:/devkitPro/libctru/lib\libctru.a(initArgv.o)
 .debug_abbrev  0x000025b2      0x4f5 C:/devkitPro/libctru/lib\libctru.a(syscalls.o)
 .debug_abbrev  0x00002aa7       0x12 C:/devkitPro/libctru/lib\libctru.a(svc.o)
 .debug_abbrev  0x00002ab9       0x12 C:/devkitPro/libctru/lib\libctru.a(stack_adjust.o)
 .debug_abbrev  0x00002acb      0x43f C:/devkitPro/libctru/lib\libctru.a(linear.o)
 .debug_abbrev  0x00002f0a      0x3a5 C:/devkitPro/libctru/lib\libctru.a(mem_pool.o)
 .debug_abbrev  0x000032af      0x489 C:/devkitPro/libctru/lib\libctru.a(vram.o)
 .debug_abbrev  0x00003738      0x259 C:/devkitPro/libctru/lib\libctru.a(3dslink.o)
 .debug_abbrev  0x00003991      0x1bf C:/devkitPro/libctru/lib\libctru.a(env.o)
 .debug_abbrev  0x00003b50      0x2b2 C:/devkitPro/libctru/lib\libctru.a(os.o)
 .debug_abbrev  0x00003e02      0x514 C:/devkitPro/libctru/lib\libctru.a(srv.o)
 .debug_abbrev  0x00004316      0x4f2 C:/devkitPro/libctru/lib\libctru.a(synchronization.o)
 .debug_abbrev  0x00004808      0x495 C:/devkitPro/libctru/lib\libctru.a(thread.o)
 .debug_abbrev  0x00004c9d      0x1d3 C:/devkitPro/libctru/lib\libctru.a(mappable.o)
 .debug_abbrev  0x00004e70      0x24f C:/devkitPro/libctru/lib\libctru.a(ptmsysm.o)
 .debug_abbrev  0x000050bf      0x2f1 C:/devkitPro/libctru/lib\libctru.a(srvpm.o)
 .debug_abbrev  0x000053b0      0x107 C:/devkitPro/libctru/lib\libctru.a(rbtree_find.o)
 .debug_abbrev  0x000054b7       0xc1 C:/devkitPro/libctru/lib\libctru.a(rbtree_init.o)
 .debug_abbrev  0x00005578      0x228 C:/devkitPro/libctru/lib\libctru.a(rbtree_insert.o)
 .debug_abbrev  0x000057a0      0x276 C:/devkitPro/libctru/lib\libctru.a(rbtree_remove.o)
 .debug_abbrev  0x00005a16      0x1bc C:/devkitPro/libctru/lib\libctru.a(rbtree_rotate.o)
 .debug_abbrev  0x00005bd2      0x193 C:/devkitPro/libctru/lib\libctru.a(allocateHeaps.o)
 .debug_abbrev  0x00005d65       0x9e C:/devkitPro/libctru/lib\libctru.a(appExit.o)
 .debug_abbrev  0x00005e03       0x93 C:/devkitPro/libctru/lib\libctru.a(appInit.o)
 .debug_abbrev  0x00005e96      0x15a C:/devkitPro/libctru/lib\libctru.a(ctru_exit.o)
 .debug_abbrev  0x00005ff0      0x656 C:/devkitPro/libctru/lib\libctru.a(archive_dev.o)
 .debug_abbrev  0x00006646       0x6f C:/devkitPro/libctru/lib\libctru.a(path_buf.o)
 .debug_abbrev  0x000066b5      0x620 C:/devkitPro/libctru/lib\libctru.a(fs.o)
 .debug_abbrev  0x00006cd5      0x1a6 C:/devkitPro/libctru/lib\libctru.a(rbtree_iterator.o)
 .debug_abbrev  0x00006e7b       0x93 C:/devkitPro/libctru/lib\libctru.a(decode_utf8.o)
 .debug_abbrev  0x00006f0e      0x104 C:/devkitPro/libctru/lib\libctru.a(utf16_to_utf8.o)
 .debug_abbrev  0x00007012      0x104 C:/devkitPro/libctru/lib\libctru.a(utf8_to_utf16.o)
 .debug_abbrev  0x00007116       0x14 C:/devkitPro/libctru/lib\libctru.a(readtp.o)
 .debug_abbrev  0x0000712a       0x93 C:/devkitPro/libctru/lib\libctru.a(decode_utf16.o)